starting client with host weshootfilm.com, port 5201, runtime 15s, cc reno, iw 10, streams 8, recv-window 16777216 bytes
connection establishment time: 23ms
time to first byte: 39ms
second 0: 251 mbit/s (32894282 bytes received)
  stream 0: 31.41 mbit/s (4117020 bytes received)
  stream 1: 31.4 mbit/s (4115090 bytes received)
  stream 2: 31.42 mbit/s (4117685 bytes received)
  stream 3: 31.4 mbit/s (4115169 bytes received)
  stream 4: 31.36 mbit/s (4110155 bytes received)
  stream 5: 31.29 mbit/s (4101370 bytes received)
  stream 6: 31.35 mbit/s (4108894 bytes received)
  stream 7: 31.35 mbit/s (4108899 bytes received)
second 1: 212.3 mbit/s (27830871 bytes received)
  stream 0: 26.53 mbit/s (3477605 bytes received)
  stream 1: 26.52 mbit/s (3476350 bytes received)
  stream 2: 26.46 mbit/s (3467565 bytes received)
  stream 3: 26.52 mbit/s (3476350 bytes received)
  stream 4: 26.57 mbit/s (3482623 bytes received)
  stream 5: 26.56 mbit/s (3481370 bytes received)
  stream 6: 26.61 mbit/s (3487638 bytes received)
  stream 7: 26.56 mbit/s (3481370 bytes received)
second 2: 175.5 mbit/s (23004148 bytes received)
  stream 0: 21.9 mbit/s (2870185 bytes received)
  stream 1: 21.97 mbit/s (2880225 bytes received)
  stream 2: 21.96 mbit/s (2878970 bytes received)
  stream 3: 21.88 mbit/s (2867675 bytes received)
  stream 4: 21.9 mbit/s (2870185 bytes received)
  stream 5: 22.04 mbit/s (2889009 bytes received)
  stream 6: 21.95 mbit/s (2876459 bytes received)
  stream 7: 21.91 mbit/s (2871440 bytes received)
second 3: 183.4 mbit/s (24044536 bytes received)
  stream 0: 22.86 mbit/s (2996940 bytes received)
  stream 1: 22.84 mbit/s (2993175 bytes received)
  stream 2: 22.96 mbit/s (3009490 bytes received)
  stream 3: 22.99 mbit/s (3013255 bytes received)
  stream 4: 22.95 mbit/s (3008233 bytes received)
  stream 5: 22.96 mbit/s (3009490 bytes received)
  stream 6: 22.94 mbit/s (3006980 bytes received)
  stream 7: 22.94 mbit/s (3006973 bytes received)
second 4: 142.5 mbit/s (18675653 bytes received)
  stream 0: 17.82 mbit/s (2335555 bytes received)
  stream 1: 17.88 mbit/s (2343085 bytes received)
  stream 2: 17.86 mbit/s (2340575 bytes received)
  stream 3: 17.83 mbit/s (2336810 bytes received)
  stream 4: 17.75 mbit/s (2326769 bytes received)
  stream 5: 17.72 mbit/s (2323005 bytes received)
  stream 6: 17.78 mbit/s (2330534 bytes received)
  stream 7: 17.85 mbit/s (2339320 bytes received)
second 5: 142.8 mbit/s (18710777 bytes received)
  stream 0: 17.84 mbit/s (2338065 bytes received)
  stream 1: 17.92 mbit/s (2349359 bytes received)
  stream 2: 17.93 mbit/s (2350615 bytes received)
  stream 3: 17.85 mbit/s (2339319 bytes received)
  stream 4: 17.8 mbit/s (2333038 bytes received)
  stream 5: 17.82 mbit/s (2335555 bytes received)
  stream 6: 17.77 mbit/s (2329271 bytes received)
  stream 7: 17.82 mbit/s (2335555 bytes received)
second 6: 162.4 mbit/s (21284798 bytes received)
  stream 0: 20.33 mbit/s (2664365 bytes received)
  stream 1: 20.29 mbit/s (2659345 bytes received)
  stream 2: 20.21 mbit/s (2649305 bytes received)
  stream 3: 20.22 mbit/s (2650560 bytes received)
  stream 4: 20.27 mbit/s (2656835 bytes received)
  stream 5: 20.29 mbit/s (2659344 bytes received)
  stream 6: 20.39 mbit/s (2673149 bytes received)
  stream 7: 20.38 mbit/s (2671895 bytes received)
second 7: 163.5 mbit/s (21429114 bytes received)
  stream 0: 20.44 mbit/s (2679424 bytes received)
  stream 1: 20.43 mbit/s (2678170 bytes received)
  stream 2: 20.43 mbit/s (2678170 bytes received)
  stream 3: 20.35 mbit/s (2666866 bytes received)
  stream 4: 20.46 mbit/s (2681935 bytes received)
  stream 5: 20.41 mbit/s (2675659 bytes received)
  stream 6: 20.48 mbit/s (2684445 bytes received)
  stream 7: 20.48 mbit/s (2684445 bytes received)
second 8: 176 mbit/s (23065626 bytes received)
  stream 0: 21.95 mbit/s (2876460 bytes received)
  stream 1: 22.03 mbit/s (2887755 bytes received)
  stream 2: 22.07 mbit/s (2892775 bytes received)
  stream 3: 22.07 mbit/s (2892775 bytes received)
  stream 4: 22.02 mbit/s (2886499 bytes received)
  stream 5: 22 mbit/s (2883990 bytes received)
  stream 6: 21.93 mbit/s (2873949 bytes received)
  stream 7: 21.91 mbit/s (2871423 bytes received)
second 9: 138 mbit/s (18090823 bytes received)
  stream 0: 17.25 mbit/s (2261509 bytes received)
  stream 1: 17.28 mbit/s (2265275 bytes received)
  stream 2: 17.22 mbit/s (2256490 bytes received)
  stream 3: 17.27 mbit/s (2264020 bytes received)
  stream 4: 17.22 mbit/s (2256490 bytes received)
  stream 5: 17.23 mbit/s (2259000 bytes received)
  stream 6: 17.24 mbit/s (2260255 bytes received)
  stream 7: 17.3 mbit/s (2267784 bytes received)
second 10: 158 mbit/s (20708744 bytes received)
  stream 0: 19.75 mbit/s (2589065 bytes received)
  stream 1: 19.79 mbit/s (2594085 bytes received)
  stream 2: 19.77 mbit/s (2591575 bytes received)
  stream 3: 19.71 mbit/s (2584035 bytes received)
  stream 4: 19.65 mbit/s (2575260 bytes received)
  stream 5: 19.69 mbit/s (2580280 bytes received)
  stream 6: 19.84 mbit/s (2600359 bytes received)
  stream 7: 19.79 mbit/s (2594085 bytes received)
second 11: 185.4 mbit/s (24305577 bytes received)
  stream 0: 23.1 mbit/s (3028315 bytes received)
  stream 1: 23.2 mbit/s (3040865 bytes received)
  stream 2: 23.17 mbit/s (3037100 bytes received)
  stream 3: 23.25 mbit/s (3047140 bytes received)
  stream 4: 23.25 mbit/s (3047139 bytes received)
  stream 5: 23.17 mbit/s (3037093 bytes received)
  stream 6: 23.14 mbit/s (3033335 bytes received)
  stream 7: 23.15 mbit/s (3034590 bytes received)
second 12: 183.1 mbit/s (23995598 bytes received)
  stream 0: 22.85 mbit/s (2994429 bytes received)
  stream 1: 22.94 mbit/s (3006980 bytes received)
  stream 2: 22.96 mbit/s (3009490 bytes received)
  stream 3: 22.89 mbit/s (3000705 bytes received)
  stream 4: 22.87 mbit/s (2998195 bytes received)
  stream 5: 22.86 mbit/s (2995684 bytes received)
  stream 6: 22.88 mbit/s (2999450 bytes received)
  stream 7: 22.82 mbit/s (2990665 bytes received)
second 13: 151.3 mbit/s (19830253 bytes received)
  stream 0: 18.93 mbit/s (2481134 bytes received)
  stream 1: 19.03 mbit/s (2494940 bytes received)
  stream 2: 18.97 mbit/s (2486155 bytes received)
  stream 3: 18.88 mbit/s (2474860 bytes received)
  stream 4: 18.82 mbit/s (2467329 bytes received)
  stream 5: 18.91 mbit/s (2478625 bytes received)
  stream 6: 18.88 mbit/s (2474860 bytes received)
  stream 7: 18.86 mbit/s (2472350 bytes received)
second 14: 154.7 mbit/s (20272006 bytes received)
  stream 0: 19.21 mbit/s (2517529 bytes received)
  stream 1: 19.24 mbit/s (2521288 bytes received)
  stream 2: 19.39 mbit/s (2541375 bytes received)
  stream 3: 19.42 mbit/s (2545140 bytes received)
  stream 4: 19.37 mbit/s (2538865 bytes received)
  stream 5: 19.44 mbit/s (2547649 bytes received)
  stream 6: 19.31 mbit/s (2531335 bytes received)
  stream 7: 19.29 mbit/s (2528825 bytes received)
connection closed
