starting client with host weshootfilm.com, port 5201, runtime 15s, cc reno, iw 10, streams 2, recv-window 16777216 bytes
connection establishment time: 22ms
time to first byte: 38ms
second 0: 233.6 mbit/s (30619860 bytes received)
  stream 0: 116.9 mbit/s (15316379 bytes received)
  stream 1: 116.8 mbit/s (15303481 bytes received)
second 1: 205.6 mbit/s (26951106 bytes received)
  stream 0: 102.9 mbit/s (13484975 bytes received)
  stream 1: 102.7 mbit/s (13466131 bytes received)
second 2: 158.6 mbit/s (20781543 bytes received)
  stream 0: 79.34 mbit/s (10398928 bytes received)
  stream 1: 79.21 mbit/s (10382615 bytes received)
second 3: 147.5 mbit/s (19326999 bytes received)
  stream 0: 73.66 mbit/s (9654714 bytes received)
  stream 1: 73.79 mbit/s (9672285 bytes received)
second 4: 156.4 mbit/s (20496649 bytes received)
  stream 0: 78.19 mbit/s (10248329 bytes received)
  stream 1: 78.19 mbit/s (10248320 bytes received)
second 5: 165.4 mbit/s (21677613 bytes received)
  stream 0: 82.58 mbit/s (10824373 bytes received)
  stream 1: 82.8 mbit/s (10853240 bytes received)
second 6: 166.4 mbit/s (21813137 bytes received)
  stream 0: 83.19 mbit/s (10903429 bytes received)
  stream 1: 83.23 mbit/s (10909708 bytes received)
second 7: 174.4 mbit/s (22863588 bytes received)
  stream 0: 87.27 mbit/s (11438069 bytes received)
  stream 1: 87.17 mbit/s (11425519 bytes received)
second 8: 141.5 mbit/s (18541361 bytes received)
  stream 0: 70.83 mbit/s (9283226 bytes received)
  stream 1: 70.63 mbit/s (9258135 bytes received)
second 9: 144 mbit/s (18875198 bytes received)
  stream 0: 72.01 mbit/s (9438854 bytes received)
  stream 1: 71.99 mbit/s (9436344 bytes received)
second 10: 143.6 mbit/s (18819978 bytes received)
  stream 0: 71.75 mbit/s (9404969 bytes received)
  stream 1: 71.83 mbit/s (9415009 bytes received)
second 11: 159.3 mbit/s (20874397 bytes received)
  stream 0: 79.67 mbit/s (10442837 bytes received)
  stream 1: 79.59 mbit/s (10431560 bytes received)
second 12: 156.8 mbit/s (20550616 bytes received)
  stream 0: 78.41 mbit/s (10277194 bytes received)
  stream 1: 78.38 mbit/s (10273422 bytes received)
second 13: 130.8 mbit/s (17140774 bytes received)
  stream 0: 65.4 mbit/s (8571635 bytes received)
  stream 1: 65.38 mbit/s (8569139 bytes received)
second 14: 136.4 mbit/s (17877474 bytes received)
  stream 0: 68.21 mbit/s (8940619 bytes received)
  stream 1: 68.18 mbit/s (8936855 bytes received)
connection closed
