starting client with host weshootfilm.com, port 5201, runtime 15s, cc reno, iw 10, streams 8, recv-window 16777216 bytes
connection establishment time: 19ms
time to first byte: 33ms
second 0: 245.3 mbit/s (32150161 bytes received)
  stream 0: 30.72 mbit/s (4026589 bytes received)
  stream 1: 30.72 mbit/s (4026069 bytes received)
  stream 2: 30.57 mbit/s (4007245 bytes received)
  stream 3: 30.43 mbit/s (3988420 bytes received)
  stream 4: 30.72 mbit/s (4025973 bytes received)
  stream 5: 30.7 mbit/s (4023560 bytes received)
  stream 6: 30.74 mbit/s (4028752 bytes received)
  stream 7: 30.7 mbit/s (4023553 bytes received)
second 1: 230 mbit/s (30148826 bytes received)
  stream 0: 28.78 mbit/s (3772530 bytes received)
  stream 1: 28.71 mbit/s (3762482 bytes received)
  stream 2: 28.77 mbit/s (3771245 bytes received)
  stream 3: 28.76 mbit/s (3770020 bytes received)
  stream 4: 28.81 mbit/s (3776294 bytes received)
  stream 5: 28.75 mbit/s (3768765 bytes received)
  stream 6: 28.72 mbit/s (3763745 bytes received)
  stream 7: 28.72 mbit/s (3763745 bytes received)
second 2: 163.5 mbit/s (21426606 bytes received)
  stream 0: 20.38 mbit/s (2670639 bytes received)
  stream 1: 20.44 mbit/s (2679425 bytes received)
  stream 2: 20.38 mbit/s (2671895 bytes received)
  stream 3: 20.46 mbit/s (2681934 bytes received)
  stream 4: 20.39 mbit/s (2673150 bytes received)
  stream 5: 20.49 mbit/s (2685700 bytes received)
  stream 6: 20.45 mbit/s (2680673 bytes received)
  stream 7: 20.47 mbit/s (2683190 bytes received)
second 3: 162.6 mbit/s (21309892 bytes received)
  stream 0: 20.3 mbit/s (2660593 bytes received)
  stream 1: 20.26 mbit/s (2655580 bytes received)
  stream 2: 20.36 mbit/s (2668129 bytes received)
  stream 3: 20.31 mbit/s (2661855 bytes received)
  stream 4: 20.33 mbit/s (2664365 bytes received)
  stream 5: 20.34 mbit/s (2665620 bytes received)
  stream 6: 20.36 mbit/s (2668130 bytes received)
  stream 7: 20.34 mbit/s (2665620 bytes received)
second 4: 164.7 mbit/s (21593515 bytes received)
  stream 0: 20.65 mbit/s (2707028 bytes received)
  stream 1: 20.61 mbit/s (2702014 bytes received)
  stream 2: 20.53 mbit/s (2690720 bytes received)
  stream 3: 20.56 mbit/s (2694478 bytes received)
  stream 4: 20.57 mbit/s (2695740 bytes received)
  stream 5: 20.6 mbit/s (2699505 bytes received)
  stream 6: 20.58 mbit/s (2696995 bytes received)
  stream 7: 20.65 mbit/s (2707035 bytes received)
second 5: 143.6 mbit/s (18816213 bytes received)
  stream 0: 17.88 mbit/s (2343085 bytes received)
  stream 1: 17.94 mbit/s (2351869 bytes received)
  stream 2: 17.96 mbit/s (2354380 bytes received)
  stream 3: 17.92 mbit/s (2349360 bytes received)
  stream 4: 17.94 mbit/s (2351869 bytes received)
  stream 5: 18 mbit/s (2359400 bytes received)
  stream 6: 17.98 mbit/s (2356890 bytes received)
  stream 7: 17.92 mbit/s (2349360 bytes received)
second 6: 142.3 mbit/s (18646779 bytes received)
  stream 0: 17.77 mbit/s (2329280 bytes received)
  stream 1: 17.73 mbit/s (2324250 bytes received)
  stream 2: 17.75 mbit/s (2326770 bytes received)
  stream 3: 17.71 mbit/s (2321750 bytes received)
  stream 4: 17.75 mbit/s (2326770 bytes received)
  stream 5: 17.81 mbit/s (2334299 bytes received)
  stream 6: 17.82 mbit/s (2335555 bytes received)
  stream 7: 17.91 mbit/s (2348105 bytes received)
second 7: 151.9 mbit/s (19904283 bytes received)
  stream 0: 18.95 mbit/s (2483645 bytes received)
  stream 1: 18.92 mbit/s (2479880 bytes received)
  stream 2: 19.02 mbit/s (2492430 bytes received)
  stream 3: 19.09 mbit/s (2502470 bytes received)
  stream 4: 19.03 mbit/s (2493685 bytes received)
  stream 5: 18.94 mbit/s (2482375 bytes received)
  stream 6: 18.93 mbit/s (2481135 bytes received)
  stream 7: 18.99 mbit/s (2488663 bytes received)
second 8: 124.8 mbit/s (16351386 bytes received)
  stream 0: 15.55 mbit/s (2038120 bytes received)
  stream 1: 15.62 mbit/s (2046898 bytes received)
  stream 2: 15.65 mbit/s (2050669 bytes received)
  stream 3: 15.61 mbit/s (2045650 bytes received)
  stream 4: 15.56 mbit/s (2039375 bytes received)
  stream 5: 15.63 mbit/s (2048160 bytes received)
  stream 6: 15.59 mbit/s (2043140 bytes received)
  stream 7: 15.56 mbit/s (2039374 bytes received)
second 9: 122.4 mbit/s (16048938 bytes received)
  stream 0: 15.36 mbit/s (2013019 bytes received)
  stream 1: 15.28 mbit/s (2002979 bytes received)
  stream 2: 15.29 mbit/s (2004235 bytes received)
  stream 3: 15.27 mbit/s (2001725 bytes received)
  stream 4: 15.23 mbit/s (1996705 bytes received)
  stream 5: 15.25 mbit/s (1999215 bytes received)
  stream 6: 15.35 mbit/s (2011765 bytes received)
  stream 7: 15.41 mbit/s (2019295 bytes received)
second 10: 139.2 mbit/s (18251454 bytes received)
  stream 0: 17.38 mbit/s (2277824 bytes received)
  stream 1: 17.43 mbit/s (2284100 bytes received)
  stream 2: 17.45 mbit/s (2286610 bytes received)
  stream 3: 17.44 mbit/s (2285355 bytes received)
  stream 4: 17.39 mbit/s (2279080 bytes received)
  stream 5: 17.38 mbit/s (2277824 bytes received)
  stream 6: 17.46 mbit/s (2289111 bytes received)
  stream 7: 17.33 mbit/s (2271550 bytes received)
second 11: 147.5 mbit/s (19337031 bytes received)
  stream 0: 18.54 mbit/s (2429680 bytes received)
  stream 1: 18.42 mbit/s (2414613 bytes received)
  stream 2: 18.36 mbit/s (2405835 bytes received)
  stream 3: 18.42 mbit/s (2414620 bytes received)
  stream 4: 18.44 mbit/s (2417130 bytes received)
  stream 5: 18.45 mbit/s (2418383 bytes received)
  stream 6: 18.47 mbit/s (2420895 bytes received)
  stream 7: 18.43 mbit/s (2415875 bytes received)
second 12: 150.6 mbit/s (19742403 bytes received)
  stream 0: 18.82 mbit/s (2467330 bytes received)
  stream 1: 18.92 mbit/s (2479880 bytes received)
  stream 2: 18.85 mbit/s (2471094 bytes received)
  stream 3: 18.79 mbit/s (2462310 bytes received)
  stream 4: 18.78 mbit/s (2461055 bytes received)
  stream 5: 18.79 mbit/s (2462309 bytes received)
  stream 6: 18.85 mbit/s (2471095 bytes received)
  stream 7: 18.82 mbit/s (2467330 bytes received)
second 13: 163.8 mbit/s (21465509 bytes received)
  stream 0: 20.45 mbit/s (2680680 bytes received)
  stream 1: 20.44 mbit/s (2679424 bytes received)
  stream 2: 20.5 mbit/s (2686955 bytes received)
  stream 3: 20.45 mbit/s (2680671 bytes received)
  stream 4: 20.49 mbit/s (2685700 bytes received)
  stream 5: 20.51 mbit/s (2688209 bytes received)
  stream 6: 20.45 mbit/s (2680680 bytes received)
  stream 7: 20.47 mbit/s (2683190 bytes received)
second 14: 166.3 mbit/s (21799336 bytes received)
  stream 0: 20.77 mbit/s (2722095 bytes received)
  stream 1: 20.74 mbit/s (2718330 bytes received)
  stream 2: 20.77 mbit/s (2722095 bytes received)
  stream 3: 20.8 mbit/s (2725853 bytes received)
  stream 4: 20.83 mbit/s (2730880 bytes received)
  stream 5: 20.83 mbit/s (2729624 bytes received)
  stream 6: 20.84 mbit/s (2732135 bytes received)
  stream 7: 20.74 mbit/s (2718324 bytes received)
connection closed
