starting client with host weshootfilm.com, port 5201, runtime 15s, cc reno, iw 10, streams 2, recv-window 16777216 bytes
connection establishment time: 24ms
time to first byte: 41ms
second 0: 237.4 mbit/s (31116452 bytes received)
  stream 0: 118.7 mbit/s (15556988 bytes received)
  stream 1: 118.7 mbit/s (15559464 bytes received)
second 1: 196.3 mbit/s (25731254 bytes received)
  stream 0: 98.13 mbit/s (12862486 bytes received)
  stream 1: 98.18 mbit/s (12868768 bytes received)
second 2: 182 mbit/s (23851257 bytes received)
  stream 0: 91.01 mbit/s (11928757 bytes received)
  stream 1: 90.96 mbit/s (11922500 bytes received)
second 3: 163.1 mbit/s (21376413 bytes received)
  stream 0: 81.57 mbit/s (10691343 bytes received)
  stream 1: 81.52 mbit/s (10685070 bytes received)
second 4: 143.2 mbit/s (18764752 bytes received)
  stream 0: 71.63 mbit/s (9388648 bytes received)
  stream 1: 71.53 mbit/s (9376104 bytes received)
second 5: 150.1 mbit/s (19675888 bytes received)
  stream 0: 75 mbit/s (9830413 bytes received)
  stream 1: 75.12 mbit/s (9845475 bytes received)
second 6: 162.2 mbit/s (21263463 bytes received)
  stream 0: 81.14 mbit/s (10634869 bytes received)
  stream 1: 81.09 mbit/s (10628594 bytes received)
second 7: 149.1 mbit/s (19545361 bytes received)
  stream 0: 74.62 mbit/s (9780207 bytes received)
  stream 1: 74.5 mbit/s (9765154 bytes received)
second 8: 116.3 mbit/s (15246993 bytes received)
  stream 0: 58.17 mbit/s (7624125 bytes received)
  stream 1: 58.16 mbit/s (7622868 bytes received)
second 9: 118.5 mbit/s (15533119 bytes received)
  stream 0: 59.26 mbit/s (7767179 bytes received)
  stream 1: 59.25 mbit/s (7765940 bytes received)
second 10: 127.6 mbit/s (16725383 bytes received)
  stream 0: 63.83 mbit/s (8365829 bytes received)
  stream 1: 63.78 mbit/s (8359554 bytes received)
second 11: 129.8 mbit/s (17014017 bytes received)
  stream 0: 64.89 mbit/s (8505119 bytes received)
  stream 1: 64.92 mbit/s (8508898 bytes received)
second 12: 106.3 mbit/s (13926733 bytes received)
  stream 0: 53.15 mbit/s (6966505 bytes received)
  stream 1: 53.1 mbit/s (6960228 bytes received)
second 13: 106.1 mbit/s (13905390 bytes received)
  stream 0: 53.01 mbit/s (6947672 bytes received)
  stream 1: 53.08 mbit/s (6957718 bytes received)
second 14: 126.6 mbit/s (16587333 bytes received)
  stream 0: 63.22 mbit/s (8286765 bytes received)
  stream 1: 63.33 mbit/s (8300568 bytes received)
connection closed
