starting client with host weshootfilm.com, port 5201, runtime 15s, cc reno, iw 10, streams 8, recv-window 16777216 bytes
connection establishment time: 27ms
time to first byte: 43ms
second 0: 246.6 mbit/s (32327800 bytes received)
  stream 0: 30.83 mbit/s (4040729 bytes received)
  stream 1: 30.91 mbit/s (4051536 bytes received)
  stream 2: 30.77 mbit/s (4033600 bytes received)
  stream 3: 30.93 mbit/s (4054010 bytes received)
  stream 4: 30.79 mbit/s (4036109 bytes received)
  stream 5: 30.8 mbit/s (4037365 bytes received)
  stream 6: 30.79 mbit/s (4036103 bytes received)
  stream 7: 30.81 mbit/s (4038348 bytes received)
second 1: 216.1 mbit/s (28322815 bytes received)
  stream 0: 27.02 mbit/s (3541610 bytes received)
  stream 1: 27.05 mbit/s (3545375 bytes received)
  stream 2: 27.12 mbit/s (3554160 bytes received)
  stream 3: 27.04 mbit/s (3544119 bytes received)
  stream 4: 26.91 mbit/s (3527798 bytes received)
  stream 5: 26.9 mbit/s (3525294 bytes received)
  stream 6: 27.02 mbit/s (3541601 bytes received)
  stream 7: 27.03 mbit/s (3542858 bytes received)
second 2: 196.2 mbit/s (25719954 bytes received)
  stream 0: 24.59 mbit/s (3222840 bytes received)
  stream 1: 24.59 mbit/s (3222839 bytes received)
  stream 2: 24.59 mbit/s (3222833 bytes received)
  stream 3: 24.44 mbit/s (3202760 bytes received)
  stream 4: 24.36 mbit/s (3192720 bytes received)
  stream 5: 24.46 mbit/s (3206518 bytes received)
  stream 6: 24.56 mbit/s (3219074 bytes received)
  stream 7: 24.65 mbit/s (3230370 bytes received)
second 3: 162.8 mbit/s (21333743 bytes received)
  stream 0: 20.36 mbit/s (2668129 bytes received)
  stream 1: 20.37 mbit/s (2669384 bytes received)
  stream 2: 20.37 mbit/s (2669385 bytes received)
  stream 3: 20.35 mbit/s (2666875 bytes received)
  stream 4: 20.38 mbit/s (2671895 bytes received)
  stream 5: 20.35 mbit/s (2666875 bytes received)
  stream 6: 20.29 mbit/s (2659345 bytes received)
  stream 7: 20.31 mbit/s (2661855 bytes received)
second 4: 145.8 mbit/s (19113633 bytes received)
  stream 0: 18.19 mbit/s (2384500 bytes received)
  stream 1: 18.21 mbit/s (2387010 bytes received)
  stream 2: 18.28 mbit/s (2395788 bytes received)
  stream 3: 18.35 mbit/s (2404580 bytes received)
  stream 4: 18.29 mbit/s (2397042 bytes received)
  stream 5: 18.22 mbit/s (2388265 bytes received)
  stream 6: 18.12 mbit/s (2374460 bytes received)
  stream 7: 18.17 mbit/s (2381988 bytes received)
second 5: 151.3 mbit/s (19826479 bytes received)
  stream 0: 18.95 mbit/s (2483645 bytes received)
  stream 1: 18.88 mbit/s (2474860 bytes received)
  stream 2: 18.86 mbit/s (2472350 bytes received)
  stream 3: 18.91 mbit/s (2478625 bytes received)
  stream 4: 18.88 mbit/s (2474860 bytes received)
  stream 5: 18.85 mbit/s (2471095 bytes received)
  stream 6: 18.98 mbit/s (2487409 bytes received)
  stream 7: 18.95 mbit/s (2483635 bytes received)
second 6: 151.3 mbit/s (19835258 bytes received)
  stream 0: 18.96 mbit/s (2484900 bytes received)
  stream 1: 18.89 mbit/s (2476115 bytes received)
  stream 2: 18.92 mbit/s (2479879 bytes received)
  stream 3: 18.88 mbit/s (2474859 bytes received)
  stream 4: 18.98 mbit/s (2487403 bytes received)
  stream 5: 18.88 mbit/s (2474860 bytes received)
  stream 6: 18.93 mbit/s (2481127 bytes received)
  stream 7: 18.89 mbit/s (2476115 bytes received)
second 7: 163.7 mbit/s (21457981 bytes received)
  stream 0: 20.44 mbit/s (2679425 bytes received)
  stream 1: 20.5 mbit/s (2686955 bytes received)
  stream 2: 20.43 mbit/s (2678163 bytes received)
  stream 3: 20.5 mbit/s (2686955 bytes received)
  stream 4: 20.44 mbit/s (2679425 bytes received)
  stream 5: 20.45 mbit/s (2680680 bytes received)
  stream 6: 20.47 mbit/s (2683188 bytes received)
  stream 7: 20.47 mbit/s (2683190 bytes received)
second 8: 144.1 mbit/s (18886493 bytes received)
  stream 0: 18.07 mbit/s (2368184 bytes received)
  stream 1: 18.02 mbit/s (2361910 bytes received)
  stream 2: 18.03 mbit/s (2363165 bytes received)
  stream 3: 17.99 mbit/s (2358145 bytes received)
  stream 4: 17.94 mbit/s (2351870 bytes received)
  stream 5: 18.01 mbit/s (2360654 bytes received)
  stream 6: 18.04 mbit/s (2364420 bytes received)
  stream 7: 17.99 mbit/s (2358145 bytes received)
second 9: 130.3 mbit/s (17084313 bytes received)
  stream 0: 16.28 mbit/s (2133500 bytes received)
  stream 1: 16.31 mbit/s (2137265 bytes received)
  stream 2: 16.33 mbit/s (2139775 bytes received)
  stream 3: 16.36 mbit/s (2144795 bytes received)
  stream 4: 16.29 mbit/s (2134755 bytes received)
  stream 5: 16.31 mbit/s (2137264 bytes received)
  stream 6: 16.28 mbit/s (2133499 bytes received)
  stream 7: 16.2 mbit/s (2123460 bytes received)
second 10: 134.1 mbit/s (17576264 bytes received)
  stream 0: 16.69 mbit/s (2187455 bytes received)
  stream 1: 16.77 mbit/s (2197505 bytes received)
  stream 2: 16.82 mbit/s (2205035 bytes received)
  stream 3: 16.78 mbit/s (2200015 bytes received)
  stream 4: 16.78 mbit/s (2198760 bytes received)
  stream 5: 16.78 mbit/s (2200014 bytes received)
  stream 6: 16.77 mbit/s (2197505 bytes received)
  stream 7: 16.71 mbit/s (2189975 bytes received)
second 11: 158.6 mbit/s (20794093 bytes received)
  stream 0: 19.85 mbit/s (2601614 bytes received)
  stream 1: 19.84 mbit/s (2600359 bytes received)
  stream 2: 19.82 mbit/s (2597850 bytes received)
  stream 3: 19.86 mbit/s (2602870 bytes received)
  stream 4: 19.81 mbit/s (2596595 bytes received)
  stream 5: 19.87 mbit/s (2604125 bytes received)
  stream 6: 19.82 mbit/s (2597850 bytes received)
  stream 7: 19.78 mbit/s (2592830 bytes received)
second 12: 148.9 mbit/s (19520253 bytes received)
  stream 0: 18.63 mbit/s (2442230 bytes received)
  stream 1: 18.6 mbit/s (2438465 bytes received)
  stream 2: 18.66 mbit/s (2445994 bytes received)
  stream 3: 18.68 mbit/s (2448505 bytes received)
  stream 4: 18.64 mbit/s (2443485 bytes received)
  stream 5: 18.62 mbit/s (2440968 bytes received)
  stream 6: 18.53 mbit/s (2428425 bytes received)
  stream 7: 18.56 mbit/s (2432181 bytes received)
second 13: 129.8 mbit/s (17016543 bytes received)
  stream 0: 16.25 mbit/s (2129735 bytes received)
  stream 1: 16.22 mbit/s (2125970 bytes received)
  stream 2: 16.12 mbit/s (2113419 bytes received)
  stream 3: 16.15 mbit/s (2117185 bytes received)
  stream 4: 16.18 mbit/s (2120950 bytes received)
  stream 5: 16.25 mbit/s (2129735 bytes received)
  stream 6: 16.33 mbit/s (2139774 bytes received)
  stream 7: 16.33 mbit/s (2139775 bytes received)
second 14: 128.7 mbit/s (16872218 bytes received)
  stream 0: 16.08 mbit/s (2107145 bytes received)
  stream 1: 16.09 mbit/s (2108400 bytes received)
  stream 2: 16.15 mbit/s (2117185 bytes received)
  stream 3: 16.15 mbit/s (2117185 bytes received)
  stream 4: 16.15 mbit/s (2117185 bytes received)
  stream 5: 16.11 mbit/s (2112165 bytes received)
  stream 6: 16.01 mbit/s (2098358 bytes received)
  stream 7: 15.98 mbit/s (2094595 bytes received)
connection closed
