starting client with host weshootfilm.com, port 5201, runtime 15s, cc cubic, iw 10, streams 8, recv-window 16777216 bytes, direction upload
note: in upload mode the SERVER is the receiver and reports the authoritative
      throughput. the client reports acknowledged bytes as a cross-check.
connection establishment time: 74ms
time to first ack: 91ms
second 0: 113.5 mbit/s (14874391 bytes acked)
  stream 0: 14.11 mbit/s (1849813 bytes acked)
  stream 1: 14.21 mbit/s (1862450 bytes acked)
  stream 2: 14.27 mbit/s (1869980 bytes acked)
  stream 3: 14.25 mbit/s (1867470 bytes acked)
  stream 4: 14.11 mbit/s (1849879 bytes acked)
  stream 5: 14.16 mbit/s (1856175 bytes acked)
  stream 6: 14.17 mbit/s (1857430 bytes acked)
  stream 7: 14.2 mbit/s (1861194 bytes acked)
second 1: 72.16 mbit/s (9457622 bytes acked)
  stream 0: 9.077 mbit/s (1189740 bytes acked)
  stream 1: 8.943 mbit/s (1172154 bytes acked)
  stream 2: 8.847 mbit/s (1159620 bytes acked)
  stream 3: 8.972 mbit/s (1175934 bytes acked)
  stream 4: 9.106 mbit/s (1193503 bytes acked)
  stream 5: 9.125 mbit/s (1195992 bytes acked)
  stream 6: 9.077 mbit/s (1189724 bytes acked)
  stream 7: 9.01 mbit/s (1180955 bytes acked)
second 2: 34.26 mbit/s (4490349 bytes acked)
  stream 0: 4.223 mbit/s (553455 bytes acked)
  stream 1: 4.357 mbit/s (571025 bytes acked)
  stream 2: 4.337 mbit/s (568484 bytes acked)
  stream 3: 4.261 mbit/s (558474 bytes acked)
  stream 4: 4.27 mbit/s (559730 bytes acked)
  stream 5: 4.242 mbit/s (555957 bytes acked)
  stream 6: 4.309 mbit/s (564749 bytes acked)
  stream 7: 4.261 mbit/s (558475 bytes acked)
second 3: 25.22 mbit/s (3305650 bytes acked)
  stream 0: 3.246 mbit/s (425435 bytes acked)
  stream 1: 3.188 mbit/s (417914 bytes acked)
  stream 2: 3.131 mbit/s (410384 bytes acked)
  stream 3: 3.179 mbit/s (416660 bytes acked)
  stream 4: 3.15 mbit/s (412895 bytes acked)
  stream 5: 3.131 mbit/s (410385 bytes acked)
  stream 6: 3.093 mbit/s (405365 bytes acked)
  stream 7: 3.102 mbit/s (406612 bytes acked)
second 4: 32.99 mbit/s (4323473 bytes acked)
  stream 0: 4.098 mbit/s (537140 bytes acked)
  stream 1: 4.223 mbit/s (553455 bytes acked)
  stream 2: 4.127 mbit/s (540905 bytes acked)
  stream 3: 4.117 mbit/s (539650 bytes acked)
  stream 4: 4.108 mbit/s (538394 bytes acked)
  stream 5: 4.146 mbit/s (543414 bytes acked)
  stream 6: 4.117 mbit/s (539650 bytes acked)
  stream 7: 4.05 mbit/s (530865 bytes acked)
second 5: 53.17 mbit/s (6968940 bytes acked)
  stream 0: 6.607 mbit/s (865950 bytes acked)
  stream 1: 6.607 mbit/s (865940 bytes acked)
  stream 2: 6.683 mbit/s (875990 bytes acked)
  stream 3: 6.635 mbit/s (869694 bytes acked)
  stream 4: 6.664 mbit/s (873480 bytes acked)
  stream 5: 6.597 mbit/s (864673 bytes acked)
  stream 6: 6.702 mbit/s (878478 bytes acked)
  stream 7: 6.674 mbit/s (874735 bytes acked)
second 6: 40.54 mbit/s (5313623 bytes acked)
  stream 0: 4.969 mbit/s (651329 bytes acked)
  stream 1: 4.95 mbit/s (648835 bytes acked)
  stream 2: 5.036 mbit/s (660130 bytes acked)
  stream 3: 5.18 mbit/s (678955 bytes acked)
  stream 4: 5.113 mbit/s (670170 bytes acked)
  stream 5: 5.19 mbit/s (680210 bytes acked)
  stream 6: 5.132 mbit/s (672665 bytes acked)
  stream 7: 4.969 mbit/s (651329 bytes acked)
second 7: 45.38 mbit/s (5948674 bytes acked)
  stream 0: 5.668 mbit/s (742948 bytes acked)
  stream 1: 5.659 mbit/s (741705 bytes acked)
  stream 2: 5.697 mbit/s (746725 bytes acked)
  stream 3: 5.697 mbit/s (746712 bytes acked)
  stream 4: 5.697 mbit/s (746724 bytes acked)
  stream 5: 5.668 mbit/s (742960 bytes acked)
  stream 6: 5.649 mbit/s (740450 bytes acked)
  stream 7: 5.649 mbit/s (740450 bytes acked)
second 8: 51.11 mbit/s (6699122 bytes acked)
  stream 0: 6.386 mbit/s (837085 bytes acked)
  stream 1: 6.396 mbit/s (838319 bytes acked)
  stream 2: 6.425 mbit/s (842105 bytes acked)
  stream 3: 6.377 mbit/s (835812 bytes acked)
  stream 4: 6.463 mbit/s (847114 bytes acked)
  stream 5: 6.482 mbit/s (849635 bytes acked)
  stream 6: 6.3 mbit/s (825772 bytes acked)
  stream 7: 6.281 mbit/s (823280 bytes acked)
second 9: 31.27 mbit/s (4098791 bytes acked)
  stream 0: 3.916 mbit/s (513295 bytes acked)
  stream 1: 3.897 mbit/s (510785 bytes acked)
  stream 2: 3.859 mbit/s (505743 bytes acked)
  stream 3: 3.82 mbit/s (500745 bytes acked)
  stream 4: 3.926 mbit/s (514549 bytes acked)
  stream 5: 4.002 mbit/s (524590 bytes acked)
  stream 6: 3.945 mbit/s (517060 bytes acked)
  stream 7: 3.906 mbit/s (512024 bytes acked)
second 10: 30.75 mbit/s (4031045 bytes acked)
  stream 0: 3.849 mbit/s (504497 bytes acked)
  stream 1: 3.907 mbit/s (512040 bytes acked)
  stream 2: 3.907 mbit/s (512040 bytes acked)
  stream 3: 3.763 mbit/s (493215 bytes acked)
  stream 4: 3.83 mbit/s (502000 bytes acked)
  stream 5: 3.801 mbit/s (498234 bytes acked)
  stream 6: 3.84 mbit/s (503255 bytes acked)
  stream 7: 3.859 mbit/s (505764 bytes acked)
second 11: 41.85 mbit/s (5485568 bytes acked)
  stream 0: 5.151 mbit/s (675190 bytes acked)
  stream 1: 5.19 mbit/s (680210 bytes acked)
  stream 2: 5.256 mbit/s (688977 bytes acked)
  stream 3: 5.314 mbit/s (696525 bytes acked)
  stream 4: 5.324 mbit/s (697780 bytes acked)
  stream 5: 5.247 mbit/s (687739 bytes acked)
  stream 6: 5.247 mbit/s (687740 bytes acked)
  stream 7: 5.122 mbit/s (671407 bytes acked)
second 12: 59.05 mbit/s (7739507 bytes acked)
  stream 0: 7.258 mbit/s (951289 bytes acked)
  stream 1: 7.401 mbit/s (970115 bytes acked)
  stream 2: 7.392 mbit/s (968830 bytes acked)
  stream 3: 7.44 mbit/s (975135 bytes acked)
  stream 4: 7.497 mbit/s (982641 bytes acked)
  stream 5: 7.372 mbit/s (966327 bytes acked)
  stream 6: 7.354 mbit/s (963840 bytes acked)
  stream 7: 7.334 mbit/s (961330 bytes acked)
second 13: 37.68 mbit/s (4938398 bytes acked)
  stream 0: 4.72 mbit/s (618714 bytes acked)
  stream 1: 4.653 mbit/s (609930 bytes acked)
  stream 2: 4.653 mbit/s (609930 bytes acked)
  stream 3: 4.701 mbit/s (616192 bytes acked)
  stream 4: 4.807 mbit/s (630010 bytes acked)
  stream 5: 4.778 mbit/s (626245 bytes acked)
  stream 6: 4.711 mbit/s (617448 bytes acked)
  stream 7: 4.653 mbit/s (609929 bytes acked)
second 14: 35.95 mbit/s (4712493 bytes acked)
  stream 0: 4.634 mbit/s (607420 bytes acked)
  stream 1: 4.5 mbit/s (589850 bytes acked)
  stream 2: 4.395 mbit/s (576044 bytes acked)
  stream 3: 4.443 mbit/s (582320 bytes acked)
  stream 4: 4.452 mbit/s (583560 bytes acked)
  stream 5: 4.5 mbit/s (589835 bytes acked)
  stream 6: 4.452 mbit/s (583574 bytes acked)
  stream 7: 4.577 mbit/s (599890 bytes acked)
connection closed
