starting client with host weshootfilm.com, port 5201, runtime 15s, cc cubic, iw 10, streams 8, recv-window 16777216 bytes, direction upload
note: in upload mode the SERVER is the receiver and reports the authoritative
      throughput. the client reports acknowledged bytes as a cross-check.
connection establishment time: 24ms
time to first ack: 41ms
second 0: 243.5 mbit/s (31914661 bytes acked)
  stream 0: 30.41 mbit/s (3985813 bytes acked)
  stream 1: 30.38 mbit/s (3982145 bytes acked)
  stream 2: 30.33 mbit/s (3975857 bytes acked)
  stream 3: 30.37 mbit/s (3980867 bytes acked)
  stream 4: 30.41 mbit/s (3985882 bytes acked)
  stream 5: 30.46 mbit/s (3992141 bytes acked)
  stream 6: 30.59 mbit/s (4009755 bytes acked)
  stream 7: 30.53 mbit/s (4002201 bytes acked)
second 1: 161.7 mbit/s (21198185 bytes acked)
  stream 0: 20.16 mbit/s (2643030 bytes acked)
  stream 1: 20.25 mbit/s (2654324 bytes acked)
  stream 2: 20.25 mbit/s (2654325 bytes acked)
  stream 3: 20.26 mbit/s (2655561 bytes acked)
  stream 4: 20.24 mbit/s (2653070 bytes acked)
  stream 5: 20.18 mbit/s (2645540 bytes acked)
  stream 6: 20.23 mbit/s (2651815 bytes acked)
  stream 7: 20.15 mbit/s (2640520 bytes acked)
second 2: 124.5 mbit/s (16316197 bytes acked)
  stream 0: 15.42 mbit/s (2020550 bytes acked)
  stream 1: 15.42 mbit/s (2020544 bytes acked)
  stream 2: 15.55 mbit/s (2038120 bytes acked)
  stream 3: 15.62 mbit/s (2046904 bytes acked)
  stream 4: 15.65 mbit/s (2051884 bytes acked)
  stream 5: 15.65 mbit/s (2051916 bytes acked)
  stream 6: 15.62 mbit/s (2046904 bytes acked)
  stream 7: 15.56 mbit/s (2039375 bytes acked)
second 3: 31.72 mbit/s (4157813 bytes acked)
  stream 0: 4.031 mbit/s (528355 bytes acked)
  stream 1: 4.002 mbit/s (524590 bytes acked)
  stream 2: 3.916 mbit/s (513295 bytes acked)
  stream 3: 3.907 mbit/s (512039 bytes acked)
  stream 4: 3.945 mbit/s (517060 bytes acked)
  stream 5: 3.964 mbit/s (519569 bytes acked)
  stream 6: 3.945 mbit/s (517060 bytes acked)
  stream 7: 4.012 mbit/s (525845 bytes acked)
second 4: 47.16 mbit/s (6180846 bytes acked)
  stream 0: 5.927 mbit/s (776844 bytes acked)
  stream 1: 5.975 mbit/s (783120 bytes acked)
  stream 2: 5.879 mbit/s (770570 bytes acked)
  stream 3: 5.85 mbit/s (766788 bytes acked)
  stream 4: 5.898 mbit/s (773070 bytes acked)
  stream 5: 5.879 mbit/s (770570 bytes acked)
  stream 6: 5.783 mbit/s (758019 bytes acked)
  stream 7: 5.965 mbit/s (781865 bytes acked)
second 5: 61.45 mbit/s (8054504 bytes acked)
  stream 0: 7.698 mbit/s (1009020 bytes acked)
  stream 1: 7.66 mbit/s (1003972 bytes acked)
  stream 2: 7.66 mbit/s (1003999 bytes acked)
  stream 3: 7.688 mbit/s (1007709 bytes acked)
  stream 4: 7.669 mbit/s (1005255 bytes acked)
  stream 5: 7.65 mbit/s (1002745 bytes acked)
  stream 6: 7.689 mbit/s (1007765 bytes acked)
  stream 7: 7.737 mbit/s (1014039 bytes acked)
second 6: 62.66 mbit/s (8212718 bytes acked)
  stream 0: 7.804 mbit/s (1022825 bytes acked)
  stream 1: 7.794 mbit/s (1021570 bytes acked)
  stream 2: 7.842 mbit/s (1027845 bytes acked)
  stream 3: 7.909 mbit/s (1036628 bytes acked)
  stream 4: 7.794 mbit/s (1021570 bytes acked)
  stream 5: 7.813 mbit/s (1024080 bytes acked)
  stream 6: 7.88 mbit/s (1032865 bytes acked)
  stream 7: 7.823 mbit/s (1025335 bytes acked)
second 7: 39.08 mbit/s (5122882 bytes acked)
  stream 0: 4.941 mbit/s (647580 bytes acked)
  stream 1: 4.845 mbit/s (635030 bytes acked)
  stream 2: 4.931 mbit/s (646325 bytes acked)
  stream 3: 4.912 mbit/s (643801 bytes acked)
  stream 4: 4.816 mbit/s (631264 bytes acked)
  stream 5: 4.874 mbit/s (638795 bytes acked)
  stream 6: 4.893 mbit/s (641305 bytes acked)
  stream 7: 4.874 mbit/s (638782 bytes acked)
second 8: 50.43 mbit/s (6610083 bytes acked)
  stream 0: 6.425 mbit/s (842104 bytes acked)
  stream 1: 6.272 mbit/s (822025 bytes acked)
  stream 2: 6.3 mbit/s (825790 bytes acked)
  stream 3: 6.272 mbit/s (822024 bytes acked)
  stream 4: 6.3 mbit/s (825790 bytes acked)
  stream 5: 6.319 mbit/s (828300 bytes acked)
  stream 6: 6.233 mbit/s (817005 bytes acked)
  stream 7: 6.31 mbit/s (827045 bytes acked)
second 9: 57.5 mbit/s (7536092 bytes acked)
  stream 0: 7.21 mbit/s (945015 bytes acked)
  stream 1: 7.229 mbit/s (947490 bytes acked)
  stream 2: 7.191 mbit/s (942505 bytes acked)
  stream 3: 7.142 mbit/s (936144 bytes acked)
  stream 4: 7.171 mbit/s (939959 bytes acked)
  stream 5: 7.162 mbit/s (938740 bytes acked)
  stream 6: 7.095 mbit/s (929929 bytes acked)
  stream 7: 7.296 mbit/s (956310 bytes acked)
second 10: 44.32 mbit/s (5809393 bytes acked)
  stream 0: 5.448 mbit/s (714095 bytes acked)
  stream 1: 5.496 mbit/s (720370 bytes acked)
  stream 2: 5.534 mbit/s (725390 bytes acked)
  stream 3: 5.506 mbit/s (721625 bytes acked)
  stream 4: 5.553 mbit/s (727899 bytes acked)
  stream 5: 5.601 mbit/s (734175 bytes acked)
  stream 6: 5.649 mbit/s (740449 bytes acked)
  stream 7: 5.534 mbit/s (725390 bytes acked)
second 11: 51.63 mbit/s (6766865 bytes acked)
  stream 0: 6.501 mbit/s (852137 bytes acked)
  stream 1: 6.482 mbit/s (849634 bytes acked)
  stream 2: 6.396 mbit/s (838307 bytes acked)
  stream 3: 6.339 mbit/s (830810 bytes acked)
  stream 4: 6.358 mbit/s (833320 bytes acked)
  stream 5: 6.463 mbit/s (847109 bytes acked)
  stream 6: 6.578 mbit/s (862167 bytes acked)
  stream 7: 6.511 mbit/s (853381 bytes acked)
second 12: 48.02 mbit/s (6293770 bytes acked)
  stream 0: 6.023 mbit/s (789395 bytes acked)
  stream 1: 5.936 mbit/s (778100 bytes acked)
  stream 2: 6.08 mbit/s (796925 bytes acked)
  stream 3: 6.07 mbit/s (795652 bytes acked)
  stream 4: 6.023 mbit/s (789395 bytes acked)
  stream 5: 5.936 mbit/s (778081 bytes acked)
  stream 6: 5.917 mbit/s (775572 bytes acked)
  stream 7: 6.032 mbit/s (790650 bytes acked)
second 13: 62.51 mbit/s (8193881 bytes acked)
  stream 0: 7.804 mbit/s (1022825 bytes acked)
  stream 1: 7.794 mbit/s (1021570 bytes acked)
  stream 2: 7.861 mbit/s (1030355 bytes acked)
  stream 3: 7.784 mbit/s (1020301 bytes acked)
  stream 4: 7.871 mbit/s (1031610 bytes acked)
  stream 5: 7.784 mbit/s (1020315 bytes acked)
  stream 6: 7.784 mbit/s (1020315 bytes acked)
  stream 7: 7.832 mbit/s (1026590 bytes acked)
second 14: 76.07 mbit/s (9970956 bytes acked)
  stream 0: 9.345 mbit/s (1224879 bytes acked)
  stream 1: 9.46 mbit/s (1239940 bytes acked)
  stream 2: 9.517 mbit/s (1247453 bytes acked)
  stream 3: 9.498 mbit/s (1244960 bytes acked)
  stream 4: 9.642 mbit/s (1263785 bytes acked)
  stream 5: 9.623 mbit/s (1261275 bytes acked)
  stream 6: 9.517 mbit/s (1247470 bytes acked)
  stream 7: 9.47 mbit/s (1241194 bytes acked)
connection closed
