starting client with host weshootfilm.com, port 5201, runtime 15s, cc cubic, iw 10, streams 2, recv-window 16777216 bytes, direction upload
note: in upload mode the SERVER is the receiver and reports the authoritative
      throughput. the client reports acknowledged bytes as a cross-check.
connection establishment time: 23ms
time to first ack: 40ms
second 0: 166 mbit/s (21759016 bytes acked)
  stream 0: 82.95 mbit/s (10871983 bytes acked)
  stream 1: 83.06 mbit/s (10887033 bytes acked)
second 1: 63.41 mbit/s (8311815 bytes acked)
  stream 0: 31.72 mbit/s (4157786 bytes acked)
  stream 1: 31.69 mbit/s (4154029 bytes acked)
second 2: 49.34 mbit/s (6467013 bytes acked)
  stream 0: 24.72 mbit/s (3240409 bytes acked)
  stream 1: 24.62 mbit/s (3226604 bytes acked)
second 3: 49.71 mbit/s (6515913 bytes acked)
  stream 0: 24.88 mbit/s (3260489 bytes acked)
  stream 1: 24.84 mbit/s (3255424 bytes acked)
second 4: 68.62 mbit/s (8994562 bytes acked)
  stream 0: 34.33 mbit/s (4499175 bytes acked)
  stream 1: 34.3 mbit/s (4495387 bytes acked)
second 5: 51.54 mbit/s (6755602 bytes acked)
  stream 0: 25.78 mbit/s (3379677 bytes acked)
  stream 1: 25.76 mbit/s (3375925 bytes acked)
second 6: 23.37 mbit/s (3063443 bytes acked)
  stream 0: 11.63 mbit/s (1524824 bytes acked)
  stream 1: 11.74 mbit/s (1538619 bytes acked)
second 7: 36.64 mbit/s (4802823 bytes acked)
  stream 0: 18.37 mbit/s (2408324 bytes acked)
  stream 1: 18.27 mbit/s (2394499 bytes acked)
second 8: 35.22 mbit/s (4615838 bytes acked)
  stream 0: 17.6 mbit/s (2306677 bytes acked)
  stream 1: 17.62 mbit/s (2309161 bytes acked)
second 9: 32.08 mbit/s (4204224 bytes acked)
  stream 0: 16.05 mbit/s (2103355 bytes acked)
  stream 1: 16.03 mbit/s (2100869 bytes acked)
second 10: 35.56 mbit/s (4661032 bytes acked)
  stream 0: 17.81 mbit/s (2334300 bytes acked)
  stream 1: 17.75 mbit/s (2326732 bytes acked)
second 11: 36.68 mbit/s (4807873 bytes acked)
  stream 0: 18.33 mbit/s (2402057 bytes acked)
  stream 1: 18.35 mbit/s (2405816 bytes acked)
second 12: 47.08 mbit/s (6170797 bytes acked)
  stream 0: 23.56 mbit/s (3088529 bytes acked)
  stream 1: 23.52 mbit/s (3082268 bytes acked)
second 13: 49.89 mbit/s (6539722 bytes acked)
  stream 0: 24.91 mbit/s (3265469 bytes acked)
  stream 1: 24.98 mbit/s (3274253 bytes acked)
second 14: 41.11 mbit/s (5388930 bytes acked)
  stream 0: 20.44 mbit/s (2679387 bytes acked)
  stream 1: 20.67 mbit/s (2709543 bytes acked)
connection closed
