starting client with host weshootfilm.com, port 5201, runtime 15s, cc cubic, iw 10, streams 4, recv-window 16777216 bytes, direction upload
note: in upload mode the SERVER is the receiver and reports the authoritative
      throughput. the client reports acknowledged bytes as a cross-check.
connection establishment time: 74ms
time to first ack: 89ms
second 0: 131.7 mbit/s (17266261 bytes acked)
  stream 0: 32.87 mbit/s (4308323 bytes acked)
  stream 1: 32.9 mbit/s (4312210 bytes acked)
  stream 2: 33 mbit/s (4326005 bytes acked)
  stream 3: 32.96 mbit/s (4319723 bytes acked)
second 1: 76.24 mbit/s (9993491 bytes acked)
  stream 0: 18.94 mbit/s (2482390 bytes acked)
  stream 1: 19.09 mbit/s (2502417 bytes acked)
  stream 2: 19.15 mbit/s (2509999 bytes acked)
  stream 3: 19.06 mbit/s (2498685 bytes acked)
second 2: 39.98 mbit/s (5240832 bytes acked)
  stream 0: 9.919 mbit/s (1300165 bytes acked)
  stream 1: 9.948 mbit/s (1303932 bytes acked)
  stream 2: 10.09 mbit/s (1322750 bytes acked)
  stream 3: 10.02 mbit/s (1313985 bytes acked)
second 3: 39.56 mbit/s (5185658 bytes acked)
  stream 0: 9.824 mbit/s (1287630 bytes acked)
  stream 1: 9.843 mbit/s (1290139 bytes acked)
  stream 2: 9.958 mbit/s (1305200 bytes acked)
  stream 3: 9.939 mbit/s (1302689 bytes acked)
second 4: 31.62 mbit/s (4143966 bytes acked)
  stream 0: 8.052 mbit/s (1055454 bytes acked)
  stream 1: 7.918 mbit/s (1037870 bytes acked)
  stream 2: 7.775 mbit/s (1019053 bytes acked)
  stream 3: 7.87 mbit/s (1031589 bytes acked)
second 5: 17.25 mbit/s (2261498 bytes acked)
  stream 0: 4.232 mbit/s (554710 bytes acked)
  stream 1: 4.357 mbit/s (571024 bytes acked)
  stream 2: 4.395 mbit/s (576044 bytes acked)
  stream 3: 4.27 mbit/s (559720 bytes acked)
second 6: 30.78 mbit/s (4034787 bytes acked)
  stream 0: 7.727 mbit/s (1012784 bytes acked)
  stream 1: 7.669 mbit/s (1005234 bytes acked)
  stream 2: 7.708 mbit/s (1010260 bytes acked)
  stream 3: 7.679 mbit/s (1006509 bytes acked)
second 7: 35.97 mbit/s (4715003 bytes acked)
  stream 0: 9 mbit/s (1179685 bytes acked)
  stream 1: 8.972 mbit/s (1175920 bytes acked)
  stream 2: 9.01 mbit/s (1180955 bytes acked)
  stream 3: 8.991 mbit/s (1178443 bytes acked)
second 8: 38.83 mbit/s (5088962 bytes acked)
  stream 0: 9.719 mbit/s (1273824 bytes acked)
  stream 1: 9.719 mbit/s (1273824 bytes acked)
  stream 2: 9.776 mbit/s (1281312 bytes acked)
  stream 3: 9.613 mbit/s (1260002 bytes acked)
second 9: 46.56 mbit/s (6103063 bytes acked)
  stream 0: 11.65 mbit/s (1527334 bytes acked)
  stream 1: 11.68 mbit/s (1531100 bytes acked)
  stream 2: 11.67 mbit/s (1529845 bytes acked)
  stream 3: 11.56 mbit/s (1514784 bytes acked)
second 10: 42.48 mbit/s (5568397 bytes acked)
  stream 0: 10.64 mbit/s (1394304 bytes acked)
  stream 1: 10.71 mbit/s (1404345 bytes acked)
  stream 2: 10.64 mbit/s (1394304 bytes acked)
  stream 3: 10.49 mbit/s (1375444 bytes acked)
second 11: 43.22 mbit/s (5665037 bytes acked)
  stream 0: 10.88 mbit/s (1425664 bytes acked)
  stream 1: 10.83 mbit/s (1419389 bytes acked)
  stream 2: 10.7 mbit/s (1401835 bytes acked)
  stream 3: 10.82 mbit/s (1418149 bytes acked)
second 12: 47.63 mbit/s (6243611 bytes acked)
  stream 0: 11.95 mbit/s (1566238 bytes acked)
  stream 1: 11.86 mbit/s (1554945 bytes acked)
  stream 2: 11.99 mbit/s (1571248 bytes acked)
  stream 3: 11.83 mbit/s (1551180 bytes acked)
second 13: 55.65 mbit/s (7293990 bytes acked)
  stream 0: 13.92 mbit/s (1824748 bytes acked)
  stream 1: 13.85 mbit/s (1815984 bytes acked)
  stream 2: 13.98 mbit/s (1832299 bytes acked)
  stream 3: 13.89 mbit/s (1820959 bytes acked)
second 14: 47.7 mbit/s (6252351 bytes acked)
  stream 0: 11.85 mbit/s (1553690 bytes acked)
  stream 1: 12.01 mbit/s (1573750 bytes acked)
  stream 2: 11.93 mbit/s (1563691 bytes acked)
  stream 3: 11.91 mbit/s (1561220 bytes acked)
connection closed
