starting client with host weshootfilm.com, port 5201, runtime 15s, cc cubic, iw 10, streams 4, recv-window 16777216 bytes, direction upload
note: in upload mode the SERVER is the receiver and reports the authoritative
      throughput. the client reports acknowledged bytes as a cross-check.
connection establishment time: 19ms
time to first ack: 33ms
second 0: 52.83 mbit/s (6925075 bytes acked)
  stream 0: 13.14 mbit/s (1721803 bytes acked)
  stream 1: 13.16 mbit/s (1724375 bytes acked)
  stream 2: 13.23 mbit/s (1734428 bytes acked)
  stream 3: 13.31 mbit/s (1744469 bytes acked)
second 1: 25.53 mbit/s (3345818 bytes acked)
  stream 0: 6.377 mbit/s (835830 bytes acked)
  stream 1: 6.415 mbit/s (840848 bytes acked)
  stream 2: 6.377 mbit/s (835820 bytes acked)
  stream 3: 6.358 mbit/s (833320 bytes acked)
second 2: 34.6 mbit/s (4535541 bytes acked)
  stream 0: 8.608 mbit/s (1128238 bytes acked)
  stream 1: 8.531 mbit/s (1118183 bytes acked)
  stream 2: 8.704 mbit/s (1140795 bytes acked)
  stream 3: 8.761 mbit/s (1148325 bytes acked)
second 3: 36.09 mbit/s (4730071 bytes acked)
  stream 0: 9.086 mbit/s (1190979 bytes acked)
  stream 1: 8.972 mbit/s (1175935 bytes acked)
  stream 2: 8.953 mbit/s (1173425 bytes acked)
  stream 3: 9.077 mbit/s (1189732 bytes acked)
second 4: 41.77 mbit/s (5474261 bytes acked)
  stream 0: 10.49 mbit/s (1375478 bytes acked)
  stream 1: 10.38 mbit/s (1360397 bytes acked)
  stream 2: 10.4 mbit/s (1362929 bytes acked)
  stream 3: 10.49 mbit/s (1375457 bytes acked)
second 5: 32.55 mbit/s (4266962 bytes acked)
  stream 0: 8.1 mbit/s (1061730 bytes acked)
  stream 1: 8.177 mbit/s (1071744 bytes acked)
  stream 2: 8.177 mbit/s (1071760 bytes acked)
  stream 3: 8.1 mbit/s (1061728 bytes acked)
second 6: 43.57 mbit/s (5711454 bytes acked)
  stream 0: 10.93 mbit/s (1433195 bytes acked)
  stream 1: 10.82 mbit/s (1418149 bytes acked)
  stream 2: 10.89 mbit/s (1426901 bytes acked)
  stream 3: 10.93 mbit/s (1433209 bytes acked)
second 7: 43.63 mbit/s (5718988 bytes acked)
  stream 0: 10.86 mbit/s (1423170 bytes acked)
  stream 1: 10.86 mbit/s (1423154 bytes acked)
  stream 2: 10.95 mbit/s (1435704 bytes acked)
  stream 3: 10.96 mbit/s (1436960 bytes acked)
second 8: 52.28 mbit/s (6852289 bytes acked)
  stream 0: 12.91 mbit/s (1691740 bytes acked)
  stream 1: 13.16 mbit/s (1724370 bytes acked)
  stream 2: 13.2 mbit/s (1730644 bytes acked)
  stream 3: 13.01 mbit/s (1705535 bytes acked)
second 9: 66.61 mbit/s (8730985 bytes acked)
  stream 0: 16.53 mbit/s (2166130 bytes acked)
  stream 1: 16.74 mbit/s (2193739 bytes acked)
  stream 2: 16.67 mbit/s (2184933 bytes acked)
  stream 3: 16.68 mbit/s (2186183 bytes acked)
second 10: 56.31 mbit/s (7380584 bytes acked)
  stream 0: 14.02 mbit/s (1837319 bytes acked)
  stream 1: 13.99 mbit/s (1833532 bytes acked)
  stream 2: 14.15 mbit/s (1854866 bytes acked)
  stream 3: 14.15 mbit/s (1854867 bytes acked)
second 11: 43.58 mbit/s (5712704 bytes acked)
  stream 0: 10.92 mbit/s (1431955 bytes acked)
  stream 1: 10.92 mbit/s (1431935 bytes acked)
  stream 2: 10.88 mbit/s (1425680 bytes acked)
  stream 3: 10.86 mbit/s (1423134 bytes acked)
second 12: 55.04 mbit/s (7213691 bytes acked)
  stream 0: 13.7 mbit/s (1795873 bytes acked)
  stream 1: 13.82 mbit/s (1810948 bytes acked)
  stream 2: 13.77 mbit/s (1804690 bytes acked)
  stream 3: 13.75 mbit/s (1802180 bytes acked)
second 13: 76.43 mbit/s (10017370 bytes acked)
  stream 0: 19.23 mbit/s (2520024 bytes acked)
  stream 1: 19.04 mbit/s (2496195 bytes acked)
  stream 2: 19.07 mbit/s (2499944 bytes acked)
  stream 3: 19.08 mbit/s (2501207 bytes acked)
second 14: 66.29 mbit/s (8688355 bytes acked)
  stream 0: 16.57 mbit/s (2172397 bytes acked)
  stream 1: 16.51 mbit/s (2163619 bytes acked)
  stream 2: 16.55 mbit/s (2169894 bytes acked)
  stream 3: 16.65 mbit/s (2182445 bytes acked)
connection closed
