starting client with host weshootfilm.com, port 5201, runtime 15s, cc cubic, iw 10, streams 8, recv-window 16777216 bytes, direction upload
note: in upload mode the SERVER is the receiver and reports the authoritative
      throughput. the client reports acknowledged bytes as a cross-check.
connection establishment time: 20ms
time to first ack: 36ms
second 0: 122.7 mbit/s (16085306 bytes acked)
  stream 0: 15.35 mbit/s (2011673 bytes acked)
  stream 1: 15.27 mbit/s (2001755 bytes acked)
  stream 2: 15.32 mbit/s (2008029 bytes acked)
  stream 3: 15.42 mbit/s (2020571 bytes acked)
  stream 4: 15.35 mbit/s (2011749 bytes acked)
  stream 5: 15.4 mbit/s (2018042 bytes acked)
  stream 6: 15.36 mbit/s (2013050 bytes acked)
  stream 7: 15.26 mbit/s (2000437 bytes acked)
second 1: 65.12 mbit/s (8535253 bytes acked)
  stream 0: 8.196 mbit/s (1074280 bytes acked)
  stream 1: 8.158 mbit/s (1069260 bytes acked)
  stream 2: 8.139 mbit/s (1066750 bytes acked)
  stream 3: 8.158 mbit/s (1069258 bytes acked)
  stream 4: 8.1 mbit/s (1061730 bytes acked)
  stream 5: 8.1 mbit/s (1061730 bytes acked)
  stream 6: 8.081 mbit/s (1059220 bytes acked)
  stream 7: 8.187 mbit/s (1073025 bytes acked)
second 2: 72.6 mbit/s (9515344 bytes acked)
  stream 0: 9.087 mbit/s (1190995 bytes acked)
  stream 1: 9.096 mbit/s (1192250 bytes acked)
  stream 2: 9.087 mbit/s (1190995 bytes acked)
  stream 3: 8.981 mbit/s (1177161 bytes acked)
  stream 4: 9.096 mbit/s (1192250 bytes acked)
  stream 5: 9.029 mbit/s (1183458 bytes acked)
  stream 6: 9.096 mbit/s (1192249 bytes acked)
  stream 7: 9.125 mbit/s (1195986 bytes acked)
second 3: 42.77 mbit/s (5606035 bytes acked)
  stream 0: 5.276 mbit/s (691505 bytes acked)
  stream 1: 5.295 mbit/s (694015 bytes acked)
  stream 2: 5.419 mbit/s (710314 bytes acked)
  stream 3: 5.429 mbit/s (711585 bytes acked)
  stream 4: 5.381 mbit/s (705293 bytes acked)
  stream 5: 5.343 mbit/s (700289 bytes acked)
  stream 6: 5.304 mbit/s (695270 bytes acked)
  stream 7: 5.324 mbit/s (697764 bytes acked)
second 4: 46.03 mbit/s (6032768 bytes acked)
  stream 0: 5.726 mbit/s (750474 bytes acked)
  stream 1: 5.735 mbit/s (751745 bytes acked)
  stream 2: 5.64 mbit/s (739195 bytes acked)
  stream 3: 5.85 mbit/s (766804 bytes acked)
  stream 4: 5.783 mbit/s (758020 bytes acked)
  stream 5: 5.812 mbit/s (761785 bytes acked)
  stream 6: 5.774 mbit/s (756765 bytes acked)
  stream 7: 5.707 mbit/s (747980 bytes acked)
second 5: 48.39 mbit/s (6342700 bytes acked)
  stream 0: 6.013 mbit/s (788123 bytes acked)
  stream 1: 6.013 mbit/s (788123 bytes acked)
  stream 2: 5.917 mbit/s (775590 bytes acked)
  stream 3: 5.984 mbit/s (784375 bytes acked)
  stream 4: 6.089 mbit/s (798162 bytes acked)
  stream 5: 6.185 mbit/s (810730 bytes acked)
  stream 6: 6.099 mbit/s (799435 bytes acked)
  stream 7: 6.089 mbit/s (798162 bytes acked)
second 6: 35.12 mbit/s (4603318 bytes acked)
  stream 0: 4.404 mbit/s (577280 bytes acked)
  stream 1: 4.491 mbit/s (588595 bytes acked)
  stream 2: 4.376 mbit/s (573535 bytes acked)
  stream 3: 4.337 mbit/s (568514 bytes acked)
  stream 4: 4.414 mbit/s (578555 bytes acked)
  stream 5: 4.347 mbit/s (569770 bytes acked)
  stream 6: 4.385 mbit/s (574789 bytes acked)
  stream 7: 4.366 mbit/s (572280 bytes acked)
second 7: 49.81 mbit/s (6528471 bytes acked)
  stream 0: 6.271 mbit/s (822006 bytes acked)
  stream 1: 6.272 mbit/s (822025 bytes acked)
  stream 2: 6.166 mbit/s (808220 bytes acked)
  stream 3: 6.195 mbit/s (811984 bytes acked)
  stream 4: 6.205 mbit/s (813240 bytes acked)
  stream 5: 6.233 mbit/s (816986 bytes acked)
  stream 6: 6.214 mbit/s (814495 bytes acked)
  stream 7: 6.252 mbit/s (819515 bytes acked)
second 8: 40.75 mbit/s (5341236 bytes acked)
  stream 0: 4.969 mbit/s (651345 bytes acked)
  stream 1: 5.084 mbit/s (666405 bytes acked)
  stream 2: 5.151 mbit/s (675190 bytes acked)
  stream 3: 5.113 mbit/s (670170 bytes acked)
  stream 4: 5.18 mbit/s (678939 bytes acked)
  stream 5: 5.094 mbit/s (667634 bytes acked)
  stream 6: 5.103 mbit/s (668914 bytes acked)
  stream 7: 5.056 mbit/s (662639 bytes acked)
second 9: 36 mbit/s (4718785 bytes acked)
  stream 0: 4.625 mbit/s (606165 bytes acked)
  stream 1: 4.567 mbit/s (598635 bytes acked)
  stream 2: 4.586 mbit/s (601145 bytes acked)
  stream 3: 4.404 mbit/s (577300 bytes acked)
  stream 4: 4.424 mbit/s (579809 bytes acked)
  stream 5: 4.395 mbit/s (576045 bytes acked)
  stream 6: 4.462 mbit/s (584829 bytes acked)
  stream 7: 4.538 mbit/s (594857 bytes acked)
second 10: 52.86 mbit/s (6928853 bytes acked)
  stream 0: 6.626 mbit/s (868460 bytes acked)
  stream 1: 6.616 mbit/s (867205 bytes acked)
  stream 2: 6.712 mbit/s (879754 bytes acked)
  stream 3: 6.664 mbit/s (873480 bytes acked)
  stream 4: 6.578 mbit/s (862185 bytes acked)
  stream 5: 6.521 mbit/s (854655 bytes acked)
  stream 6: 6.559 mbit/s (859675 bytes acked)
  stream 7: 6.588 mbit/s (863439 bytes acked)
second 11: 65.73 mbit/s (8615573 bytes acked)
  stream 0: 8.33 mbit/s (1091850 bytes acked)
  stream 1: 8.349 mbit/s (1094360 bytes acked)
  stream 2: 8.225 mbit/s (1078045 bytes acked)
  stream 3: 8.244 mbit/s (1080554 bytes acked)
  stream 4: 8.148 mbit/s (1068005 bytes acked)
  stream 5: 8.052 mbit/s (1055455 bytes acked)
  stream 6: 8.139 mbit/s (1066749 bytes acked)
  stream 7: 8.244 mbit/s (1080555 bytes acked)
second 12: 49.17 mbit/s (6444350 bytes acked)
  stream 0: 6.157 mbit/s (806965 bytes acked)
  stream 1: 6.224 mbit/s (815750 bytes acked)
  stream 2: 6.099 mbit/s (799413 bytes acked)
  stream 3: 6.08 mbit/s (796925 bytes acked)
  stream 4: 6.099 mbit/s (799412 bytes acked)
  stream 5: 6.224 mbit/s (815750 bytes acked)
  stream 6: 6.137 mbit/s (804448 bytes acked)
  stream 7: 6.147 mbit/s (805687 bytes acked)
second 13: 28.67 mbit/s (3757446 bytes acked)
  stream 0: 3.619 mbit/s (474390 bytes acked)
  stream 1: 3.629 mbit/s (475645 bytes acked)
  stream 2: 3.543 mbit/s (464338 bytes acked)
  stream 3: 3.581 mbit/s (469370 bytes acked)
  stream 4: 3.638 mbit/s (476900 bytes acked)
  stream 5: 3.581 mbit/s (469358 bytes acked)
  stream 6: 3.543 mbit/s (464350 bytes acked)
  stream 7: 3.533 mbit/s (463095 bytes acked)
second 14: 39.97 mbit/s (5238336 bytes acked)
  stream 0: 4.95 mbit/s (648835 bytes acked)
  stream 1: 4.979 mbit/s (652600 bytes acked)
  stream 2: 5.046 mbit/s (661385 bytes acked)
  stream 3: 5.046 mbit/s (661384 bytes acked)
  stream 4: 5.084 mbit/s (666404 bytes acked)
  stream 5: 5.027 mbit/s (658875 bytes acked)
  stream 6: 4.95 mbit/s (648835 bytes acked)
  stream 7: 4.883 mbit/s (640018 bytes acked)
connection closed
