starting client with host weshootfilm.com, port 5201, runtime 15s, cc cubic, iw 10, streams 2, recv-window 16777216 bytes, direction upload
note: in upload mode the SERVER is the receiver and reports the authoritative
      throughput. the client reports acknowledged bytes as a cross-check.
connection establishment time: 68ms
time to first ack: 86ms
second 0: 98.75 mbit/s (12942716 bytes acked)
  stream 0: 49.59 mbit/s (6499549 bytes acked)
  stream 1: 49.16 mbit/s (6443167 bytes acked)
second 1: 41.28 mbit/s (5410275 bytes acked)
  stream 0: 20.35 mbit/s (2666875 bytes acked)
  stream 1: 20.93 mbit/s (2743400 bytes acked)
second 2: 41.26 mbit/s (5407738 bytes acked)
  stream 0: 20.68 mbit/s (2710752 bytes acked)
  stream 1: 20.58 mbit/s (2696986 bytes acked)
second 3: 40.21 mbit/s (5270998 bytes acked)
  stream 0: 20.1 mbit/s (2634244 bytes acked)
  stream 1: 20.12 mbit/s (2636754 bytes acked)
second 4: 52.21 mbit/s (6843432 bytes acked)
  stream 0: 26.13 mbit/s (3424851 bytes acked)
  stream 1: 26.08 mbit/s (3418581 bytes acked)
second 5: 38.96 mbit/s (5106563 bytes acked)
  stream 0: 19.54 mbit/s (2561424 bytes acked)
  stream 1: 19.42 mbit/s (2545139 bytes acked)
second 6: 53.37 mbit/s (6995352 bytes acked)
  stream 0: 26.69 mbit/s (3498938 bytes acked)
  stream 1: 26.68 mbit/s (3496414 bytes acked)
second 7: 54.5 mbit/s (7143383 bytes acked)
  stream 0: 27.26 mbit/s (3572908 bytes acked)
  stream 1: 27.24 mbit/s (3570475 bytes acked)
second 8: 38.59 mbit/s (5057594 bytes acked)
  stream 0: 19.29 mbit/s (2528789 bytes acked)
  stream 1: 19.29 mbit/s (2528805 bytes acked)
second 9: 36.49 mbit/s (4782773 bytes acked)
  stream 0: 18.28 mbit/s (2395783 bytes acked)
  stream 1: 18.21 mbit/s (2386990 bytes acked)
second 10: 30.28 mbit/s (3968264 bytes acked)
  stream 0: 15.16 mbit/s (1986647 bytes acked)
  stream 1: 15.12 mbit/s (1981617 bytes acked)
second 11: 42.49 mbit/s (5569644 bytes acked)
  stream 0: 21.27 mbit/s (2787324 bytes acked)
  stream 1: 21.23 mbit/s (2782320 bytes acked)
second 12: 36.97 mbit/s (4845483 bytes acked)
  stream 0: 18.47 mbit/s (2420848 bytes acked)
  stream 1: 18.5 mbit/s (2424635 bytes acked)
second 13: 48.31 mbit/s (6331473 bytes acked)
  stream 0: 24.09 mbit/s (3157579 bytes acked)
  stream 1: 24.21 mbit/s (3173894 bytes acked)
second 14: 38.81 mbit/s (5086475 bytes acked)
  stream 0: 19.4 mbit/s (2542606 bytes acked)
  stream 1: 19.41 mbit/s (2543869 bytes acked)
connection closed
