starting client with host weshootfilm.com, port 5201, runtime 15s, cc cubic, iw 10, streams 4, recv-window 16777216 bytes, direction upload
note: in upload mode the SERVER is the receiver and reports the authoritative
      throughput. the client reports acknowledged bytes as a cross-check.
connection establishment time: 18ms
time to first ack: 32ms
second 0: 75.55 mbit/s (9903040 bytes acked)
  stream 0: 18.89 mbit/s (2475972 bytes acked)
  stream 1: 18.95 mbit/s (2483655 bytes acked)
  stream 2: 18.86 mbit/s (2472300 bytes acked)
  stream 3: 18.85 mbit/s (2471113 bytes acked)
second 1: 44.62 mbit/s (5848293 bytes acked)
  stream 0: 11.15 mbit/s (1462072 bytes acked)
  stream 1: 11.12 mbit/s (1457054 bytes acked)
  stream 2: 11.17 mbit/s (1464584 bytes acked)
  stream 3: 11.17 mbit/s (1464583 bytes acked)
second 2: 30.58 mbit/s (4008462 bytes acked)
  stream 0: 7.708 mbit/s (1010271 bytes acked)
  stream 1: 7.65 mbit/s (1002743 bytes acked)
  stream 2: 7.612 mbit/s (997724 bytes acked)
  stream 3: 7.612 mbit/s (997724 bytes acked)
second 3: 28.75 mbit/s (3768743 bytes acked)
  stream 0: 7.2 mbit/s (943758 bytes acked)
  stream 1: 7.162 mbit/s (938739 bytes acked)
  stream 2: 7.2 mbit/s (943757 bytes acked)
  stream 3: 7.191 mbit/s (942489 bytes acked)
second 4: 27.78 mbit/s (3640749 bytes acked)
  stream 0: 6.98 mbit/s (914895 bytes acked)
  stream 1: 6.913 mbit/s (906109 bytes acked)
  stream 2: 6.932 mbit/s (908617 bytes acked)
  stream 3: 6.951 mbit/s (911128 bytes acked)
second 5: 22.94 mbit/s (3006941 bytes acked)
  stream 0: 5.735 mbit/s (751745 bytes acked)
  stream 1: 5.754 mbit/s (754253 bytes acked)
  stream 2: 5.735 mbit/s (751712 bytes acked)
  stream 3: 5.716 mbit/s (749231 bytes acked)
second 6: 27.93 mbit/s (3660828 bytes acked)
  stream 0: 7.018 mbit/s (919912 bytes acked)
  stream 1: 6.932 mbit/s (908619 bytes acked)
  stream 2: 6.971 mbit/s (913638 bytes acked)
  stream 3: 7.009 mbit/s (918659 bytes acked)
second 7: 27.04 mbit/s (3544113 bytes acked)
  stream 0: 6.75 mbit/s (884773 bytes acked)
  stream 1: 6.75 mbit/s (884772 bytes acked)
  stream 2: 6.817 mbit/s (893558 bytes acked)
  stream 3: 6.722 mbit/s (881010 bytes acked)
second 8: 36.04 mbit/s (4723814 bytes acked)
  stream 0: 8.991 mbit/s (1178442 bytes acked)
  stream 1: 8.972 mbit/s (1175933 bytes acked)
  stream 2: 9.058 mbit/s (1187230 bytes acked)
  stream 3: 9.02 mbit/s (1182209 bytes acked)
second 9: 53.61 mbit/s (7026715 bytes acked)
  stream 0: 13.46 mbit/s (1764502 bytes acked)
  stream 1: 13.37 mbit/s (1751980 bytes acked)
  stream 2: 13.32 mbit/s (1745704 bytes acked)
  stream 3: 13.46 mbit/s (1764529 bytes acked)
second 10: 42.51 mbit/s (5572177 bytes acked)
  stream 0: 10.71 mbit/s (1404345 bytes acked)
  stream 1: 10.74 mbit/s (1408088 bytes acked)
  stream 2: 10.57 mbit/s (1385520 bytes acked)
  stream 3: 10.48 mbit/s (1374224 bytes acked)
second 11: 45.62 mbit/s (5980049 bytes acked)
  stream 0: 11.44 mbit/s (1499724 bytes acked)
  stream 1: 11.32 mbit/s (1483392 bytes acked)
  stream 2: 11.5 mbit/s (1507248 bytes acked)
  stream 3: 11.37 mbit/s (1489685 bytes acked)
second 12: 63.39 mbit/s (8309272 bytes acked)
  stream 0: 16.02 mbit/s (2099590 bytes acked)
  stream 1: 15.82 mbit/s (2073253 bytes acked)
  stream 2: 15.63 mbit/s (2048160 bytes acked)
  stream 3: 15.93 mbit/s (2088269 bytes acked)
second 13: 72.62 mbit/s (9517918 bytes acked)
  stream 0: 18.23 mbit/s (2389520 bytes acked)
  stream 1: 18.05 mbit/s (2365675 bytes acked)
  stream 2: 18.08 mbit/s (2369439 bytes acked)
  stream 3: 18.26 mbit/s (2393284 bytes acked)
second 14: 70.95 mbit/s (9299494 bytes acked)
  stream 0: 17.86 mbit/s (2340557 bytes acked)
  stream 1: 17.75 mbit/s (2326770 bytes acked)
  stream 2: 17.67 mbit/s (2315456 bytes acked)
  stream 3: 17.68 mbit/s (2316711 bytes acked)
connection closed
