starting client with host weshootfilm.com, port 5201, runtime 15s, cc cubic, iw 10, streams 2, recv-window 16777216 bytes, direction upload
note: in upload mode the SERVER is the receiver and reports the authoritative
      throughput. the client reports acknowledged bytes as a cross-check.
connection establishment time: 23ms
time to first ack: 36ms
second 0: 225.3 mbit/s (29534874 bytes acked)
  stream 0: 112.7 mbit/s (14773678 bytes acked)
  stream 1: 112.6 mbit/s (14761196 bytes acked)
second 1: 114 mbit/s (14948195 bytes acked)
  stream 0: 56.97 mbit/s (7467233 bytes acked)
  stream 1: 57.08 mbit/s (7480962 bytes acked)
second 2: 49.2 mbit/s (6448156 bytes acked)
  stream 0: 24.68 mbit/s (3235372 bytes acked)
  stream 1: 24.51 mbit/s (3212784 bytes acked)
second 3: 26.63 mbit/s (3490146 bytes acked)
  stream 0: 13.4 mbit/s (1756999 bytes acked)
  stream 1: 13.22 mbit/s (1733147 bytes acked)
second 4: 35.66 mbit/s (4673592 bytes acked)
  stream 0: 17.83 mbit/s (2336797 bytes acked)
  stream 1: 17.83 mbit/s (2336795 bytes acked)
second 5: 46.57 mbit/s (6104276 bytes acked)
  stream 0: 23.31 mbit/s (3054642 bytes acked)
  stream 1: 23.27 mbit/s (3049634 bytes acked)
second 6: 40.09 mbit/s (5254683 bytes acked)
  stream 0: 20.08 mbit/s (2631734 bytes acked)
  stream 1: 20.01 mbit/s (2622949 bytes acked)
second 7: 40.81 mbit/s (5348774 bytes acked)
  stream 0: 20.38 mbit/s (2670621 bytes acked)
  stream 1: 20.43 mbit/s (2678153 bytes acked)
second 8: 49.49 mbit/s (6487061 bytes acked)
  stream 0: 24.74 mbit/s (3242904 bytes acked)
  stream 1: 24.75 mbit/s (3244157 bytes acked)
second 9: 49.26 mbit/s (6456899 bytes acked)
  stream 0: 24.66 mbit/s (3231613 bytes acked)
  stream 1: 24.61 mbit/s (3225286 bytes acked)
second 10: 38.6 mbit/s (5058861 bytes acked)
  stream 0: 19.36 mbit/s (2537588 bytes acked)
  stream 1: 19.24 mbit/s (2521273 bytes acked)
second 11: 33.25 mbit/s (4358581 bytes acked)
  stream 0: 16.66 mbit/s (2183684 bytes acked)
  stream 1: 16.59 mbit/s (2174897 bytes acked)
second 12: 51.62 mbit/s (6765703 bytes acked)
  stream 0: 25.79 mbit/s (3379713 bytes acked)
  stream 1: 25.83 mbit/s (3385990 bytes acked)
second 13: 63.41 mbit/s (8311837 bytes acked)
  stream 0: 31.7 mbit/s (4155302 bytes acked)
  stream 1: 31.71 mbit/s (4156535 bytes acked)
second 14: 36.82 mbit/s (4826678 bytes acked)
  stream 0: 18.46 mbit/s (2419631 bytes acked)
  stream 1: 18.36 mbit/s (2407047 bytes acked)
connection closed
