starting client with host weshootfilm.com, port 5201, runtime 15s, cc reno, iw 10, streams 2, recv-window 16777216 bytes
connection establishment time: 23ms
time to first byte: 40ms
second 0: 227.1 mbit/s (29766646 bytes received)
  stream 0: 113.7 mbit/s (14898638 bytes received)
  stream 1: 113.4 mbit/s (14868008 bytes received)
second 1: 210.6 mbit/s (27607472 bytes received)
  stream 0: 105.3 mbit/s (13803729 bytes received)
  stream 1: 105.3 mbit/s (13803743 bytes received)
second 2: 159.7 mbit/s (20937155 bytes received)
  stream 0: 79.83 mbit/s (10462934 bytes received)
  stream 1: 79.91 mbit/s (10474221 bytes received)
second 3: 136.2 mbit/s (17854883 bytes received)
  stream 0: 68.09 mbit/s (8924305 bytes received)
  stream 1: 68.13 mbit/s (8930578 bytes received)
second 4: 158.1 mbit/s (20720039 bytes received)
  stream 0: 79.06 mbit/s (10362525 bytes received)
  stream 1: 79.02 mbit/s (10357514 bytes received)
second 5: 168.9 mbit/s (22140708 bytes received)
  stream 0: 84.47 mbit/s (11071609 bytes received)
  stream 1: 84.45 mbit/s (11069099 bytes received)
second 6: 156.7 mbit/s (20536802 bytes received)
  stream 0: 78.35 mbit/s (10269648 bytes received)
  stream 1: 78.33 mbit/s (10267154 bytes received)
second 7: 144.8 mbit/s (18975592 bytes received)
  stream 0: 72.4 mbit/s (9489055 bytes received)
  stream 1: 72.38 mbit/s (9486537 bytes received)
second 8: 147.3 mbit/s (19310683 bytes received)
  stream 0: 73.64 mbit/s (9652204 bytes received)
  stream 1: 73.69 mbit/s (9658479 bytes received)
second 9: 165 mbit/s (21631172 bytes received)
  stream 0: 82.54 mbit/s (10818093 bytes received)
  stream 1: 82.5 mbit/s (10813079 bytes received)
second 10: 182.1 mbit/s (23868827 bytes received)
  stream 0: 91.02 mbit/s (11930013 bytes received)
  stream 1: 91.09 mbit/s (11938814 bytes received)
second 11: 189.2 mbit/s (24800046 bytes received)
  stream 0: 94.67 mbit/s (12408184 bytes received)
  stream 1: 94.54 mbit/s (12391862 bytes received)
second 12: 161.7 mbit/s (21190666 bytes received)
  stream 0: 80.85 mbit/s (10597220 bytes received)
  stream 1: 80.82 mbit/s (10593446 bytes received)
second 13: 135.3 mbit/s (17734403 bytes received)
  stream 0: 67.66 mbit/s (8867828 bytes received)
  stream 1: 67.65 mbit/s (8866575 bytes received)
second 14: 154.9 mbit/s (20307154 bytes received)
  stream 0: 77.41 mbit/s (10146674 bytes received)
  stream 1: 77.52 mbit/s (10160480 bytes received)
connection closed
