starting client with host weshootfilm.com, port 5201, runtime 15s, cc reno, iw 10, streams 4, recv-window 16777216 bytes
connection establishment time: 23ms
time to first byte: 38ms
second 0: 229.7 mbit/s (30101285 bytes received)
  stream 0: 57.33 mbit/s (7514830 bytes received)
  stream 1: 57.45 mbit/s (7530476 bytes received)
  stream 2: 57.44 mbit/s (7528376 bytes received)
  stream 3: 57.43 mbit/s (7527603 bytes received)
second 1: 214.8 mbit/s (28158433 bytes received)
  stream 0: 53.72 mbit/s (7040549 bytes received)
  stream 1: 53.7 mbit/s (7038039 bytes received)
  stream 2: 53.75 mbit/s (7045570 bytes received)
  stream 3: 53.67 mbit/s (7034275 bytes received)
second 2: 154.3 mbit/s (20226824 bytes received)
  stream 0: 38.53 mbit/s (5050120 bytes received)
  stream 1: 38.53 mbit/s (5050119 bytes received)
  stream 2: 38.63 mbit/s (5062669 bytes received)
  stream 3: 38.63 mbit/s (5063916 bytes received)
second 3: 118.9 mbit/s (15588343 bytes received)
  stream 0: 29.72 mbit/s (3895520 bytes received)
  stream 1: 29.69 mbit/s (3891754 bytes received)
  stream 2: 29.76 mbit/s (3900530 bytes received)
  stream 3: 29.76 mbit/s (3900539 bytes received)
second 4: 145.6 mbit/s (19084783 bytes received)
  stream 0: 36.39 mbit/s (4770254 bytes received)
  stream 1: 36.46 mbit/s (4779039 bytes received)
  stream 2: 36.42 mbit/s (4774020 bytes received)
  stream 3: 36.33 mbit/s (4761470 bytes received)
second 5: 164.3 mbit/s (21530771 bytes received)
  stream 0: 41.02 mbit/s (5376420 bytes received)
  stream 1: 41.13 mbit/s (5391473 bytes received)
  stream 2: 41.1 mbit/s (5387714 bytes received)
  stream 3: 41.01 mbit/s (5375164 bytes received)
second 6: 165.7 mbit/s (21715250 bytes received)
  stream 0: 41.37 mbit/s (5422855 bytes received)
  stream 1: 41.49 mbit/s (5437913 bytes received)
  stream 2: 41.43 mbit/s (5430385 bytes received)
  stream 3: 41.38 mbit/s (5424097 bytes received)
second 7: 126.4 mbit/s (16567247 bytes received)
  stream 0: 31.52 mbit/s (4131460 bytes received)
  stream 1: 31.65 mbit/s (4147775 bytes received)
  stream 2: 31.61 mbit/s (4142755 bytes received)
  stream 3: 31.63 mbit/s (4145257 bytes received)
second 8: 72.09 mbit/s (9448891 bytes received)
  stream 0: 18.02 mbit/s (2361909 bytes received)
  stream 1: 17.98 mbit/s (2356889 bytes received)
  stream 2: 18.08 mbit/s (2369439 bytes received)
  stream 3: 18.01 mbit/s (2360654 bytes received)
second 9: 32.06 mbit/s (4201735 bytes received)
  stream 0: 7.957 mbit/s (1042905 bytes received)
  stream 1: 8.033 mbit/s (1052943 bytes received)
  stream 2: 8.024 mbit/s (1051688 bytes received)
  stream 3: 8.043 mbit/s (1054199 bytes received)
second 10: 33.68 mbit/s (4415073 bytes received)
  stream 0: 8.388 mbit/s (1099379 bytes received)
  stream 1: 8.464 mbit/s (1109406 bytes received)
  stream 2: 8.455 mbit/s (1108164 bytes received)
  stream 3: 8.378 mbit/s (1098124 bytes received)
second 11: 35.91 mbit/s (4706246 bytes received)
  stream 0: 8.924 mbit/s (1169660 bytes received)
  stream 1: 8.972 mbit/s (1175934 bytes received)
  stream 2: 9.029 mbit/s (1183463 bytes received)
  stream 3: 8.981 mbit/s (1177189 bytes received)
second 12: 35.94 mbit/s (4711258 bytes received)
  stream 0: 9 mbit/s (1179698 bytes received)
  stream 1: 8.981 mbit/s (1177190 bytes received)
  stream 2: 9 mbit/s (1179692 bytes received)
  stream 3: 8.962 mbit/s (1174678 bytes received)
second 13: 59 mbit/s (7733306 bytes received)
  stream 0: 14.76 mbit/s (1935210 bytes received)
  stream 1: 14.75 mbit/s (1932699 bytes received)
  stream 2: 14.72 mbit/s (1928933 bytes received)
  stream 3: 14.77 mbit/s (1936464 bytes received)
second 14: 132.2 mbit/s (17322763 bytes received)
  stream 0: 33.03 mbit/s (4329750 bytes received)
  stream 1: 33.04 mbit/s (4331004 bytes received)
  stream 2: 33.08 mbit/s (4336025 bytes received)
  stream 3: 33 mbit/s (4325984 bytes received)
second 15: 0 bit/s (0 bytes received)
connection closed
