starting client with host weshootfilm.com, port 5201, runtime 15s, cc reno, iw 10, streams 2, recv-window 16777216 bytes
connection establishment time: 25ms
time to first byte: 44ms
second 0: 22.49 mbit/s (2948047 bytes received)
  stream 0: 11.29 mbit/s (1479668 bytes received)
  stream 1: 11.2 mbit/s (1468379 bytes received)
second 1: 47.63 mbit/s (6242368 bytes received)
  stream 0: 23.84 mbit/s (3124948 bytes received)
  stream 1: 23.78 mbit/s (3117420 bytes received)
second 2: 72.22 mbit/s (9466463 bytes received)
  stream 0: 36.12 mbit/s (4733860 bytes received)
  stream 1: 36.11 mbit/s (4732603 bytes received)
second 3: 91.8 mbit/s (12032938 bytes received)
  stream 0: 45.87 mbit/s (6012705 bytes received)
  stream 1: 45.93 mbit/s (6020233 bytes received)
second 4: 107.6 mbit/s (14098669 bytes received)
  stream 0: 53.79 mbit/s (7050589 bytes received)
  stream 1: 53.77 mbit/s (7048080 bytes received)
second 5: 112.2 mbit/s (14703578 bytes received)
  stream 0: 56.08 mbit/s (7350533 bytes received)
  stream 1: 56.1 mbit/s (7353045 bytes received)
second 6: 91.61 mbit/s (12007823 bytes received)
  stream 0: 45.75 mbit/s (5996381 bytes received)
  stream 1: 45.86 mbit/s (6011442 bytes received)
second 7: 97.91 mbit/s (12833626 bytes received)
  stream 0: 48.96 mbit/s (6416813 bytes received)
  stream 1: 48.96 mbit/s (6416813 bytes received)
second 8: 138.7 mbit/s (18174901 bytes received)
  stream 0: 69.4 mbit/s (9096231 bytes received)
  stream 1: 69.26 mbit/s (9078670 bytes received)
second 9: 119 mbit/s (15603414 bytes received)
  stream 0: 59.55 mbit/s (7804844 bytes received)
  stream 1: 59.5 mbit/s (7798570 bytes received)
second 10: 115.4 mbit/s (15123997 bytes received)
  stream 0: 57.72 mbit/s (7565133 bytes received)
  stream 1: 57.67 mbit/s (7558864 bytes received)
second 11: 76.39 mbit/s (10012387 bytes received)
  stream 0: 38.22 mbit/s (5009959 bytes received)
  stream 1: 38.17 mbit/s (5002428 bytes received)
second 12: 62.45 mbit/s (8185100 bytes received)
  stream 0: 31.25 mbit/s (4096312 bytes received)
  stream 1: 31.19 mbit/s (4088788 bytes received)
second 13: 100.7 mbit/s (13192542 bytes received)
  stream 0: 50.3 mbit/s (6592506 bytes received)
  stream 1: 50.35 mbit/s (6600036 bytes received)
second 14: 125.7 mbit/s (16473128 bytes received)
  stream 0: 62.85 mbit/s (8237818 bytes received)
  stream 1: 62.83 mbit/s (8235310 bytes received)
connection closed
