starting client with host weshootfilm.com, port 5201, runtime 15s, cc reno, iw 10, streams 4, recv-window 16777216 bytes
connection establishment time: 32ms
time to first byte: 53ms
second 0: 244 mbit/s (31987981 bytes received)
  stream 0: 61.16 mbit/s (8016868 bytes received)
  stream 1: 61.06 mbit/s (8003165 bytes received)
  stream 2: 60.87 mbit/s (7978057 bytes received)
  stream 3: 60.96 mbit/s (7989891 bytes received)
second 1: 217.4 mbit/s (28493508 bytes received)
  stream 0: 54.33 mbit/s (7120860 bytes received)
  stream 1: 54.32 mbit/s (7119615 bytes received)
  stream 2: 54.4 mbit/s (7130909 bytes received)
  stream 3: 54.34 mbit/s (7122124 bytes received)
second 2: 182.9 mbit/s (23967988 bytes received)
  stream 0: 45.74 mbit/s (5995135 bytes received)
  stream 1: 45.79 mbit/s (6001409 bytes received)
  stream 2: 45.65 mbit/s (5983839 bytes received)
  stream 3: 45.68 mbit/s (5987605 bytes received)
second 3: 181.1 mbit/s (23739578 bytes received)
  stream 0: 45.3 mbit/s (5937404 bytes received)
  stream 1: 45.27 mbit/s (5933639 bytes received)
  stream 2: 45.28 mbit/s (5934895 bytes received)
  stream 3: 45.27 mbit/s (5933640 bytes received)
second 4: 147.8 mbit/s (19369646 bytes received)
  stream 0: 36.96 mbit/s (4844293 bytes received)
  stream 1: 36.93 mbit/s (4840528 bytes received)
  stream 2: 36.94 mbit/s (4841781 bytes received)
  stream 3: 36.95 mbit/s (4843044 bytes received)
second 5: 142 mbit/s (18615406 bytes received)
  stream 0: 35.45 mbit/s (4646002 bytes received)
  stream 1: 35.48 mbit/s (4651030 bytes received)
  stream 2: 35.58 mbit/s (4663579 bytes received)
  stream 3: 35.51 mbit/s (4654795 bytes received)
second 6: 154.8 mbit/s (20288322 bytes received)
  stream 0: 38.66 mbit/s (5067689 bytes received)
  stream 1: 38.71 mbit/s (5073965 bytes received)
  stream 2: 38.74 mbit/s (5077729 bytes received)
  stream 3: 38.67 mbit/s (5068939 bytes received)
second 7: 159.8 mbit/s (20939662 bytes received)
  stream 0: 39.91 mbit/s (5230840 bytes received)
  stream 1: 39.95 mbit/s (5235860 bytes received)
  stream 2: 39.92 mbit/s (5232094 bytes received)
  stream 3: 39.98 mbit/s (5240868 bytes received)
second 8: 163.7 mbit/s (21461737 bytes received)
  stream 0: 40.95 mbit/s (5367635 bytes received)
  stream 1: 40.91 mbit/s (5362606 bytes received)
  stream 2: 40.95 mbit/s (5367634 bytes received)
  stream 3: 40.92 mbit/s (5363862 bytes received)
second 9: 148.4 mbit/s (19453746 bytes received)
  stream 0: 37.1 mbit/s (4863117 bytes received)
  stream 1: 37.17 mbit/s (4871910 bytes received)
  stream 2: 37.09 mbit/s (4861869 bytes received)
  stream 3: 37.05 mbit/s (4856850 bytes received)
second 10: 136.7 mbit/s (17916378 bytes received)
  stream 0: 34.15 mbit/s (4476585 bytes received)
  stream 1: 34.15 mbit/s (4476585 bytes received)
  stream 2: 34.19 mbit/s (4481605 bytes received)
  stream 3: 34.19 mbit/s (4481603 bytes received)
second 11: 146.1 mbit/s (19152545 bytes received)
  stream 0: 36.46 mbit/s (4779031 bytes received)
  stream 1: 36.57 mbit/s (4792844 bytes received)
  stream 2: 36.64 mbit/s (4802885 bytes received)
  stream 3: 36.45 mbit/s (4777785 bytes received)
second 12: 166.5 mbit/s (21818166 bytes received)
  stream 0: 41.7 mbit/s (5465524 bytes received)
  stream 1: 41.62 mbit/s (5455478 bytes received)
  stream 2: 41.61 mbit/s (5454229 bytes received)
  stream 3: 41.53 mbit/s (5442935 bytes received)
second 13: 178.2 mbit/s (23355541 bytes received)
  stream 0: 44.54 mbit/s (5838260 bytes received)
  stream 1: 44.62 mbit/s (5848292 bytes received)
  stream 2: 44.53 mbit/s (5837004 bytes received)
  stream 3: 44.49 mbit/s (5831985 bytes received)
second 14: 133.6 mbit/s (17512259 bytes received)
  stream 0: 33.41 mbit/s (4378686 bytes received)
  stream 1: 33.37 mbit/s (4373675 bytes received)
  stream 2: 33.45 mbit/s (4384968 bytes received)
  stream 3: 33.38 mbit/s (4374930 bytes received)
connection closed
