starting client with host weshootfilm.com, port 5201, runtime 15s, cc reno, iw 10, streams 4, recv-window 16777216 bytes
connection establishment time: 20ms
time to first byte: 32ms
second 0: 241.3 mbit/s (31626551 bytes received)
  stream 0: 60.34 mbit/s (7909027 bytes received)
  stream 1: 60.36 mbit/s (7911544 bytes received)
  stream 2: 60.26 mbit/s (7897745 bytes received)
  stream 3: 60.34 mbit/s (7908235 bytes received)
second 1: 218.1 mbit/s (28586365 bytes received)
  stream 0: 54.5 mbit/s (7143460 bytes received)
  stream 1: 54.59 mbit/s (7154754 bytes received)
  stream 2: 54.47 mbit/s (7139679 bytes received)
  stream 3: 54.54 mbit/s (7148472 bytes received)
second 2: 160.6 mbit/s (21048847 bytes received)
  stream 0: 40.17 mbit/s (5264714 bytes received)
  stream 1: 40.09 mbit/s (5254684 bytes received)
  stream 2: 40.14 mbit/s (5260959 bytes received)
  stream 3: 40.2 mbit/s (5268490 bytes received)
second 3: 160.9 mbit/s (21083999 bytes received)
  stream 0: 40.31 mbit/s (5283549 bytes received)
  stream 1: 40.18 mbit/s (5265980 bytes received)
  stream 2: 40.13 mbit/s (5259705 bytes received)
  stream 3: 40.24 mbit/s (5274765 bytes received)
second 4: 174.2 mbit/s (22838471 bytes received)
  stream 0: 43.6 mbit/s (5715270 bytes received)
  stream 1: 43.57 mbit/s (5710239 bytes received)
  stream 2: 43.61 mbit/s (5716525 bytes received)
  stream 3: 43.46 mbit/s (5696437 bytes received)
second 5: 156.4 mbit/s (20496658 bytes received)
  stream 0: 39.12 mbit/s (5127928 bytes received)
  stream 1: 39.12 mbit/s (5127930 bytes received)
  stream 2: 39.03 mbit/s (5115380 bytes received)
  stream 3: 39.1 mbit/s (5125420 bytes received)
second 6: 133.7 mbit/s (17529838 bytes received)
  stream 0: 33.44 mbit/s (4382460 bytes received)
  stream 1: 33.45 mbit/s (4384970 bytes received)
  stream 2: 33.4 mbit/s (4377439 bytes received)
  stream 3: 33.45 mbit/s (4384969 bytes received)
second 7: 148 mbit/s (19401043 bytes received)
  stream 0: 36.92 mbit/s (4839279 bytes received)
  stream 1: 37.05 mbit/s (4855594 bytes received)
  stream 2: 37.02 mbit/s (4851830 bytes received)
  stream 3: 37.04 mbit/s (4854340 bytes received)
second 8: 160.1 mbit/s (20983587 bytes received)
  stream 0: 39.98 mbit/s (5240880 bytes received)
  stream 1: 39.94 mbit/s (5234593 bytes received)
  stream 2: 40.07 mbit/s (5252174 bytes received)
  stream 3: 40.1 mbit/s (5255940 bytes received)
second 9: 170.9 mbit/s (22404251 bytes received)
  stream 0: 42.81 mbit/s (5611105 bytes received)
  stream 1: 42.66 mbit/s (5591018 bytes received)
  stream 2: 42.7 mbit/s (5597299 bytes received)
  stream 3: 42.76 mbit/s (5604829 bytes received)
second 10: 147.8 mbit/s (19375936 bytes received)
  stream 0: 36.97 mbit/s (4845554 bytes received)
  stream 1: 37 mbit/s (4849320 bytes received)
  stream 2: 36.92 mbit/s (4839272 bytes received)
  stream 3: 36.94 mbit/s (4841790 bytes received)
second 11: 140.9 mbit/s (18464804 bytes received)
  stream 0: 35.16 mbit/s (4608351 bytes received)
  stream 1: 35.23 mbit/s (4617145 bytes received)
  stream 2: 35.27 mbit/s (4623418 bytes received)
  stream 3: 35.22 mbit/s (4615890 bytes received)
second 12: 167.4 mbit/s (21939908 bytes received)
  stream 0: 41.8 mbit/s (5479329 bytes received)
  stream 1: 41.87 mbit/s (5488115 bytes received)
  stream 2: 41.84 mbit/s (5484349 bytes received)
  stream 3: 41.87 mbit/s (5488115 bytes received)
second 13: 163.3 mbit/s (21405262 bytes received)
  stream 0: 40.79 mbit/s (5346300 bytes received)
  stream 1: 40.84 mbit/s (5352566 bytes received)
  stream 2: 40.84 mbit/s (5352566 bytes received)
  stream 3: 40.85 mbit/s (5353830 bytes received)
second 14: 178.4 mbit/s (23378139 bytes received)
  stream 0: 44.51 mbit/s (5834494 bytes received)
  stream 1: 44.66 mbit/s (5853320 bytes received)
  stream 2: 44.66 mbit/s (5853320 bytes received)
  stream 3: 44.53 mbit/s (5837005 bytes received)
connection closed
