starting client with host weshootfilm.com, port 5201, runtime 15s, cc reno, iw 10, streams 4, recv-window 16777216 bytes
connection establishment time: 21ms
time to first byte: 34ms
second 0: 232.6 mbit/s (30487048 bytes received)
  stream 0: 58.17 mbit/s (7624148 bytes received)
  stream 1: 58.1 mbit/s (7615363 bytes received)
  stream 2: 58.16 mbit/s (7622746 bytes received)
  stream 3: 58.17 mbit/s (7624791 bytes received)
second 1: 210.5 mbit/s (27588664 bytes received)
  stream 0: 52.59 mbit/s (6893715 bytes received)
  stream 1: 52.59 mbit/s (6893714 bytes received)
  stream 2: 52.64 mbit/s (6899990 bytes received)
  stream 3: 52.65 mbit/s (6901245 bytes received)
second 2: 138.7 mbit/s (18182438 bytes received)
  stream 0: 34.71 mbit/s (4549374 bytes received)
  stream 1: 34.7 mbit/s (4548120 bytes received)
  stream 2: 34.66 mbit/s (4543099 bytes received)
  stream 3: 34.65 mbit/s (4541845 bytes received)
second 3: 145.3 mbit/s (19043352 bytes received)
  stream 0: 36.32 mbit/s (4760214 bytes received)
  stream 1: 36.39 mbit/s (4770254 bytes received)
  stream 2: 36.36 mbit/s (4765228 bytes received)
  stream 3: 36.22 mbit/s (4747656 bytes received)
second 4: 143.6 mbit/s (18817468 bytes received)
  stream 0: 35.86 mbit/s (4699974 bytes received)
  stream 1: 35.88 mbit/s (4702485 bytes received)
  stream 2: 35.93 mbit/s (4710014 bytes received)
  stream 3: 35.9 mbit/s (4704995 bytes received)
second 5: 119.8 mbit/s (15707571 bytes received)
  stream 0: 29.95 mbit/s (3925640 bytes received)
  stream 1: 29.92 mbit/s (3921868 bytes received)
  stream 2: 29.98 mbit/s (3929404 bytes received)
  stream 3: 29.99 mbit/s (3930659 bytes received)
second 6: 117.4 mbit/s (15392573 bytes received)
  stream 0: 29.4 mbit/s (3854103 bytes received)
  stream 1: 29.34 mbit/s (3845320 bytes received)
  stream 2: 29.32 mbit/s (3842810 bytes received)
  stream 3: 29.38 mbit/s (3850340 bytes received)
second 7: 137.7 mbit/s (18048153 bytes received)
  stream 0: 34.41 mbit/s (4510470 bytes received)
  stream 1: 34.5 mbit/s (4521764 bytes received)
  stream 2: 34.5 mbit/s (4521764 bytes received)
  stream 3: 34.29 mbit/s (4494155 bytes received)
second 8: 146.2 mbit/s (19168850 bytes received)
  stream 0: 36.54 mbit/s (4789080 bytes received)
  stream 1: 36.62 mbit/s (4800365 bytes received)
  stream 2: 36.53 mbit/s (4787816 bytes received)
  stream 3: 36.56 mbit/s (4791589 bytes received)
second 9: 152 mbit/s (19919358 bytes received)
  stream 0: 37.96 mbit/s (4976075 bytes received)
  stream 1: 38 mbit/s (4981093 bytes received)
  stream 2: 37.99 mbit/s (4979840 bytes received)
  stream 3: 38.01 mbit/s (4982350 bytes received)
second 10: 164.8 mbit/s (21597270 bytes received)
  stream 0: 41.17 mbit/s (5396476 bytes received)
  stream 1: 41.28 mbit/s (5410304 bytes received)
  stream 2: 41.17 mbit/s (5396500 bytes received)
  stream 3: 41.15 mbit/s (5393990 bytes received)
second 11: 170.9 mbit/s (22402984 bytes received)
  stream 0: 42.76 mbit/s (5604830 bytes received)
  stream 1: 42.7 mbit/s (5597300 bytes received)
  stream 2: 42.7 mbit/s (5597280 bytes received)
  stream 3: 42.75 mbit/s (5603574 bytes received)
second 12: 140.8 mbit/s (18456028 bytes received)
  stream 0: 35.28 mbit/s (4624675 bytes received)
  stream 1: 35.15 mbit/s (4607104 bytes received)
  stream 2: 35.17 mbit/s (4609615 bytes received)
  stream 3: 35.21 mbit/s (4614634 bytes received)
second 13: 149.7 mbit/s (19618159 bytes received)
  stream 0: 37.46 mbit/s (4909559 bytes received)
  stream 1: 37.5 mbit/s (4914580 bytes received)
  stream 2: 37.38 mbit/s (4899520 bytes received)
  stream 3: 37.34 mbit/s (4894500 bytes received)
second 14: 154.2 mbit/s (20209254 bytes received)
  stream 0: 38.56 mbit/s (5053885 bytes received)
  stream 1: 38.53 mbit/s (5050111 bytes received)
  stream 2: 38.55 mbit/s (5052628 bytes received)
  stream 3: 38.55 mbit/s (5052630 bytes received)
connection closed
