starting client with host weshootfilm.com, port 5201, runtime 15s, cc reno, iw 10, streams 2, recv-window 16777216 bytes
connection establishment time: 19ms
time to first byte: 35ms
second 0: 245.3 mbit/s (32158244 bytes received)
  stream 0: 122.7 mbit/s (16079557 bytes received)
  stream 1: 122.7 mbit/s (16078687 bytes received)
second 1: 206 mbit/s (27006336 bytes received)
  stream 0: 103.1 mbit/s (13510074 bytes received)
  stream 1: 103 mbit/s (13496262 bytes received)
second 2: 187.9 mbit/s (24624330 bytes received)
  stream 0: 93.98 mbit/s (12317814 bytes received)
  stream 1: 93.89 mbit/s (12306516 bytes received)
second 3: 172.6 mbit/s (22621358 bytes received)
  stream 0: 86.34 mbit/s (11316328 bytes received)
  stream 1: 86.25 mbit/s (11305030 bytes received)
second 4: 151.7 mbit/s (19889238 bytes received)
  stream 0: 75.87 mbit/s (9944620 bytes received)
  stream 1: 75.87 mbit/s (9944618 bytes received)
second 5: 158 mbit/s (20712502 bytes received)
  stream 0: 79.05 mbit/s (10361271 bytes received)
  stream 1: 78.97 mbit/s (10351231 bytes received)
second 6: 165 mbit/s (21627406 bytes received)
  stream 0: 82.5 mbit/s (10813079 bytes received)
  stream 1: 82.51 mbit/s (10814327 bytes received)
second 7: 163.2 mbit/s (21392710 bytes received)
  stream 0: 81.67 mbit/s (10705139 bytes received)
  stream 1: 81.54 mbit/s (10687571 bytes received)
second 8: 135 mbit/s (17689223 bytes received)
  stream 0: 67.49 mbit/s (8846493 bytes received)
  stream 1: 67.46 mbit/s (8842730 bytes received)
second 9: 140.7 mbit/s (18443478 bytes received)
  stream 0: 70.36 mbit/s (9221739 bytes received)
  stream 1: 70.36 mbit/s (9221739 bytes received)
second 10: 147.3 mbit/s (19305663 bytes received)
  stream 0: 73.63 mbit/s (9650948 bytes received)
  stream 1: 73.66 mbit/s (9654715 bytes received)
second 11: 168.4 mbit/s (22074177 bytes received)
  stream 0: 84.22 mbit/s (11038979 bytes received)
  stream 1: 84.19 mbit/s (11035198 bytes received)
second 12: 143.9 mbit/s (18857628 bytes received)
  stream 0: 71.96 mbit/s (9432580 bytes received)
  stream 1: 71.91 mbit/s (9425048 bytes received)
second 13: 134 mbit/s (17564978 bytes received)
  stream 0: 67.01 mbit/s (8783743 bytes received)
  stream 1: 67 mbit/s (8781235 bytes received)
second 14: 147.8 mbit/s (19365890 bytes received)
  stream 0: 73.91 mbit/s (9687338 bytes received)
  stream 1: 73.84 mbit/s (9678552 bytes received)
connection closed
