starting client with host weshootfilm.com, port 5201, runtime 15s, cc reno, iw 10, streams 8, recv-window 16777216 bytes
connection establishment time: 23ms
time to first byte: 36ms
second 0: 163.8 mbit/s (21474328 bytes received)
  stream 0: 20.44 mbit/s (2679448 bytes received)
  stream 1: 20.48 mbit/s (2684475 bytes received)
  stream 2: 20.52 mbit/s (2689386 bytes received)
  stream 3: 20.5 mbit/s (2686985 bytes received)
  stream 4: 20.42 mbit/s (2676945 bytes received)
  stream 5: 20.48 mbit/s (2684474 bytes received)
  stream 6: 20.46 mbit/s (2681965 bytes received)
  stream 7: 20.53 mbit/s (2690650 bytes received)
second 1: 183.7 mbit/s (24073390 bytes received)
  stream 0: 22.89 mbit/s (3000705 bytes received)
  stream 1: 22.93 mbit/s (3005724 bytes received)
  stream 2: 23.03 mbit/s (3018275 bytes received)
  stream 3: 23.01 mbit/s (3015765 bytes received)
  stream 4: 22.98 mbit/s (3012000 bytes received)
  stream 5: 22.94 mbit/s (3006970 bytes received)
  stream 6: 22.94 mbit/s (3006980 bytes received)
  stream 7: 22.94 mbit/s (3006971 bytes received)
second 2: 150.7 mbit/s (19757463 bytes received)
  stream 0: 18.81 mbit/s (2466075 bytes received)
  stream 1: 18.87 mbit/s (2473605 bytes received)
  stream 2: 18.91 mbit/s (2478625 bytes received)
  stream 3: 18.85 mbit/s (2471094 bytes received)
  stream 4: 18.83 mbit/s (2468585 bytes received)
  stream 5: 18.78 mbit/s (2461054 bytes received)
  stream 6: 18.86 mbit/s (2472350 bytes received)
  stream 7: 18.81 mbit/s (2466075 bytes received)
second 3: 154 mbit/s (20189183 bytes received)
  stream 0: 19.15 mbit/s (2510000 bytes received)
  stream 1: 19.14 mbit/s (2508745 bytes received)
  stream 2: 19.23 mbit/s (2520039 bytes received)
  stream 3: 19.21 mbit/s (2517530 bytes received)
  stream 4: 19.37 mbit/s (2538865 bytes received)
  stream 5: 19.34 mbit/s (2535100 bytes received)
  stream 6: 19.32 mbit/s (2532590 bytes received)
  stream 7: 19.27 mbit/s (2526314 bytes received)
second 4: 135.7 mbit/s (17787104 bytes received)
  stream 0: 17.05 mbit/s (2235155 bytes received)
  stream 1: 16.98 mbit/s (2225115 bytes received)
  stream 2: 16.99 mbit/s (2226361 bytes received)
  stream 3: 16.91 mbit/s (2216330 bytes received)
  stream 4: 16.97 mbit/s (2223860 bytes received)
  stream 5: 16.95 mbit/s (2221349 bytes received)
  stream 6: 16.9 mbit/s (2215075 bytes received)
  stream 7: 16.97 mbit/s (2223859 bytes received)
second 5: 151.8 mbit/s (19895505 bytes received)
  stream 0: 18.9 mbit/s (2477370 bytes received)
  stream 1: 18.9 mbit/s (2477361 bytes received)
  stream 2: 18.92 mbit/s (2479879 bytes received)
  stream 3: 18.94 mbit/s (2482390 bytes received)
  stream 4: 19.02 mbit/s (2492430 bytes received)
  stream 5: 19.1 mbit/s (2503725 bytes received)
  stream 6: 19.02 mbit/s (2492430 bytes received)
  stream 7: 19 mbit/s (2489920 bytes received)
second 6: 124 mbit/s (16247228 bytes received)
  stream 0: 15.48 mbit/s (2029334 bytes received)
  stream 1: 15.52 mbit/s (2034355 bytes received)
  stream 2: 15.53 mbit/s (2035610 bytes received)
  stream 3: 15.5 mbit/s (2031845 bytes received)
  stream 4: 15.44 mbit/s (2024314 bytes received)
  stream 5: 15.48 mbit/s (2029335 bytes received)
  stream 6: 15.46 mbit/s (2026825 bytes received)
  stream 7: 15.53 mbit/s (2035610 bytes received)
second 7: 146 mbit/s (19132466 bytes received)
  stream 0: 18.27 mbit/s (2394539 bytes received)
  stream 1: 18.3 mbit/s (2398298 bytes received)
  stream 2: 18.21 mbit/s (2387010 bytes received)
  stream 3: 18.2 mbit/s (2385754 bytes received)
  stream 4: 18.17 mbit/s (2381990 bytes received)
  stream 5: 18.23 mbit/s (2389520 bytes received)
  stream 6: 18.29 mbit/s (2397050 bytes received)
  stream 7: 18.3 mbit/s (2398305 bytes received)
second 8: 148.5 mbit/s (19470068 bytes received)
  stream 0: 18.55 mbit/s (2430935 bytes received)
  stream 1: 18.57 mbit/s (2433445 bytes received)
  stream 2: 18.58 mbit/s (2434700 bytes received)
  stream 3: 18.51 mbit/s (2425914 bytes received)
  stream 4: 18.55 mbit/s (2430935 bytes received)
  stream 5: 18.57 mbit/s (2433444 bytes received)
  stream 6: 18.61 mbit/s (2439720 bytes received)
  stream 7: 18.62 mbit/s (2440975 bytes received)
second 9: 141.1 mbit/s (18488635 bytes received)
  stream 0: 17.64 mbit/s (2311710 bytes received)
  stream 1: 17.64 mbit/s (2311703 bytes received)
  stream 2: 17.66 mbit/s (2314220 bytes received)
  stream 3: 17.68 mbit/s (2317985 bytes received)
  stream 4: 17.62 mbit/s (2309200 bytes received)
  stream 5: 17.56 mbit/s (2301669 bytes received)
  stream 6: 17.65 mbit/s (2312965 bytes received)
  stream 7: 17.62 mbit/s (2309183 bytes received)
second 10: 137.5 mbit/s (18021792 bytes received)
  stream 0: 17.16 mbit/s (2248960 bytes received)
  stream 1: 17.18 mbit/s (2251470 bytes received)
  stream 2: 17.21 mbit/s (2255235 bytes received)
  stream 3: 17.23 mbit/s (2259000 bytes received)
  stream 4: 17.23 mbit/s (2258993 bytes received)
  stream 5: 17.19 mbit/s (2252725 bytes received)
  stream 6: 17.15 mbit/s (2247704 bytes received)
  stream 7: 17.15 mbit/s (2247705 bytes received)
second 11: 129.4 mbit/s (16961316 bytes received)
  stream 0: 16.2 mbit/s (2123460 bytes received)
  stream 1: 16.21 mbit/s (2124708 bytes received)
  stream 2: 16.17 mbit/s (2119694 bytes received)
  stream 3: 16.19 mbit/s (2122205 bytes received)
  stream 4: 16.11 mbit/s (2112165 bytes received)
  stream 5: 16.17 mbit/s (2119695 bytes received)
  stream 6: 16.2 mbit/s (2123459 bytes received)
  stream 7: 16.14 mbit/s (2115930 bytes received)
second 12: 124.1 mbit/s (16262281 bytes received)
  stream 0: 15.5 mbit/s (2031844 bytes received)
  stream 1: 15.52 mbit/s (2034355 bytes received)
  stream 2: 15.57 mbit/s (2040630 bytes received)
  stream 3: 15.49 mbit/s (2030590 bytes received)
  stream 4: 15.49 mbit/s (2030590 bytes received)
  stream 5: 15.51 mbit/s (2033092 bytes received)
  stream 6: 15.51 mbit/s (2033100 bytes received)
  stream 7: 15.47 mbit/s (2028080 bytes received)
second 13: 143.5 mbit/s (18808674 bytes received)
  stream 0: 17.95 mbit/s (2353124 bytes received)
  stream 1: 17.91 mbit/s (2346850 bytes received)
  stream 2: 17.91 mbit/s (2346850 bytes received)
  stream 3: 17.95 mbit/s (2353125 bytes received)
  stream 4: 17.95 mbit/s (2353116 bytes received)
  stream 5: 17.95 mbit/s (2353124 bytes received)
  stream 6: 17.93 mbit/s (2350615 bytes received)
  stream 7: 17.94 mbit/s (2351870 bytes received)
second 14: 141.4 mbit/s (18537590 bytes received)
  stream 0: 17.68 mbit/s (2317979 bytes received)
  stream 1: 17.7 mbit/s (2320487 bytes received)
  stream 2: 17.69 mbit/s (2319239 bytes received)
  stream 3: 17.7 mbit/s (2320495 bytes received)
  stream 4: 17.67 mbit/s (2315475 bytes received)
  stream 5: 17.69 mbit/s (2319240 bytes received)
  stream 6: 17.69 mbit/s (2319240 bytes received)
  stream 7: 17.59 mbit/s (2305435 bytes received)
connection closed
