starting client with host weshootfilm.com, port 5201, runtime 15s, cc reno, iw 10, streams 8, recv-window 16777216 bytes
connection establishment time: 20ms
time to first byte: 35ms
second 0: 249.6 mbit/s (32721393 bytes received)
  stream 0: 31.15 mbit/s (4082539 bytes received)
  stream 1: 31.17 mbit/s (4085049 bytes received)
  stream 2: 31.22 mbit/s (4092584 bytes received)
  stream 3: 31.22 mbit/s (4092396 bytes received)
  stream 4: 31.22 mbit/s (4092583 bytes received)
  stream 5: 31.2 mbit/s (4090046 bytes received)
  stream 6: 31.21 mbit/s (4091101 bytes received)
  stream 7: 31.24 mbit/s (4095095 bytes received)
second 1: 220.5 mbit/s (28906397 bytes received)
  stream 0: 27.59 mbit/s (3615654 bytes received)
  stream 1: 27.53 mbit/s (3608124 bytes received)
  stream 2: 27.54 mbit/s (3609380 bytes received)
  stream 3: 27.5 mbit/s (3604351 bytes received)
  stream 4: 27.58 mbit/s (3614400 bytes received)
  stream 5: 27.61 mbit/s (3619420 bytes received)
  stream 6: 27.62 mbit/s (3620668 bytes received)
  stream 7: 27.58 mbit/s (3614400 bytes received)
second 2: 151.4 mbit/s (19837783 bytes received)
  stream 0: 18.92 mbit/s (2479880 bytes received)
  stream 1: 18.94 mbit/s (2482390 bytes received)
  stream 2: 18.93 mbit/s (2481135 bytes received)
  stream 3: 18.88 mbit/s (2474860 bytes received)
  stream 4: 18.86 mbit/s (2472349 bytes received)
  stream 5: 18.94 mbit/s (2482389 bytes received)
  stream 6: 18.89 mbit/s (2476115 bytes received)
  stream 7: 18.99 mbit/s (2488665 bytes received)
second 3: 164.6 mbit/s (21572193 bytes received)
  stream 0: 20.51 mbit/s (2688209 bytes received)
  stream 1: 20.56 mbit/s (2694484 bytes received)
  stream 2: 20.52 mbit/s (2689465 bytes received)
  stream 3: 20.58 mbit/s (2696995 bytes received)
  stream 4: 20.66 mbit/s (2708290 bytes received)
  stream 5: 20.72 mbit/s (2715820 bytes received)
  stream 6: 20.54 mbit/s (2691975 bytes received)
  stream 7: 20.5 mbit/s (2686955 bytes received)
second 4: 150 mbit/s (19662076 bytes received)
  stream 0: 18.77 mbit/s (2459800 bytes received)
  stream 1: 18.77 mbit/s (2459800 bytes received)
  stream 2: 18.67 mbit/s (2447250 bytes received)
  stream 3: 18.68 mbit/s (2448505 bytes received)
  stream 4: 18.73 mbit/s (2454779 bytes received)
  stream 5: 18.81 mbit/s (2464820 bytes received)
  stream 6: 18.81 mbit/s (2464820 bytes received)
  stream 7: 18.79 mbit/s (2462302 bytes received)
second 5: 148.3 mbit/s (19433673 bytes received)
  stream 0: 18.51 mbit/s (2425915 bytes received)
  stream 1: 18.49 mbit/s (2423404 bytes received)
  stream 2: 18.51 mbit/s (2425915 bytes received)
  stream 3: 18.47 mbit/s (2420895 bytes received)
  stream 4: 18.58 mbit/s (2434699 bytes received)
  stream 5: 18.6 mbit/s (2438465 bytes received)
  stream 6: 18.59 mbit/s (2437210 bytes received)
  stream 7: 18.52 mbit/s (2427170 bytes received)
second 6: 162.5 mbit/s (21301103 bytes received)
  stream 0: 20.34 mbit/s (2665620 bytes received)
  stream 1: 20.27 mbit/s (2656835 bytes received)
  stream 2: 20.34 mbit/s (2665620 bytes received)
  stream 3: 20.38 mbit/s (2670639 bytes received)
  stream 4: 20.31 mbit/s (2661855 bytes received)
  stream 5: 20.28 mbit/s (2658080 bytes received)
  stream 6: 20.25 mbit/s (2654324 bytes received)
  stream 7: 20.36 mbit/s (2668130 bytes received)
second 7: 177.8 mbit/s (23301584 bytes received)
  stream 0: 22.23 mbit/s (2914110 bytes received)
  stream 1: 22.2 mbit/s (2910345 bytes received)
  stream 2: 22.29 mbit/s (2921640 bytes received)
  stream 3: 22.22 mbit/s (2912855 bytes received)
  stream 4: 22.12 mbit/s (2899050 bytes received)
  stream 5: 22.2 mbit/s (2910345 bytes received)
  stream 6: 22.26 mbit/s (2917874 bytes received)
  stream 7: 22.24 mbit/s (2915365 bytes received)
second 8: 182.9 mbit/s (23976758 bytes received)
  stream 0: 22.95 mbit/s (3008220 bytes received)
  stream 1: 22.88 mbit/s (2999450 bytes received)
  stream 2: 22.84 mbit/s (2993175 bytes received)
  stream 3: 22.78 mbit/s (2985645 bytes received)
  stream 4: 22.82 mbit/s (2990663 bytes received)
  stream 5: 22.85 mbit/s (2994430 bytes received)
  stream 6: 22.88 mbit/s (2999450 bytes received)
  stream 7: 22.93 mbit/s (3005725 bytes received)
second 9: 187.6 mbit/s (24587945 bytes received)
  stream 0: 23.41 mbit/s (3068475 bytes received)
  stream 1: 23.42 mbit/s (3069730 bytes received)
  stream 2: 23.5 mbit/s (3079770 bytes received)
  stream 3: 23.49 mbit/s (3078515 bytes received)
  stream 4: 23.44 mbit/s (3072239 bytes received)
  stream 5: 23.49 mbit/s (3078509 bytes received)
  stream 6: 23.46 mbit/s (3074743 bytes received)
  stream 7: 23.39 mbit/s (3065964 bytes received)
second 10: 165.9 mbit/s (21745383 bytes received)
  stream 0: 20.68 mbit/s (2710800 bytes received)
  stream 1: 20.72 mbit/s (2715819 bytes received)
  stream 2: 20.75 mbit/s (2719585 bytes received)
  stream 3: 20.74 mbit/s (2718330 bytes received)
  stream 4: 20.8 mbit/s (2725859 bytes received)
  stream 5: 20.79 mbit/s (2724605 bytes received)
  stream 6: 20.73 mbit/s (2717075 bytes received)
  stream 7: 20.7 mbit/s (2713310 bytes received)
second 11: 132 mbit/s (17302683 bytes received)
  stream 0: 16.54 mbit/s (2167385 bytes received)
  stream 1: 16.47 mbit/s (2158600 bytes received)
  stream 2: 16.49 mbit/s (2161110 bytes received)
  stream 3: 16.5 mbit/s (2162365 bytes received)
  stream 4: 16.53 mbit/s (2166129 bytes received)
  stream 5: 16.55 mbit/s (2169895 bytes received)
  stream 6: 16.44 mbit/s (2154834 bytes received)
  stream 7: 16.5 mbit/s (2162365 bytes received)
second 12: 143.7 mbit/s (18828750 bytes received)
  stream 0: 17.96 mbit/s (2354380 bytes received)
  stream 1: 17.91 mbit/s (2348104 bytes received)
  stream 2: 17.96 mbit/s (2354380 bytes received)
  stream 3: 17.95 mbit/s (2353125 bytes received)
  stream 4: 18 mbit/s (2359387 bytes received)
  stream 5: 18 mbit/s (2359399 bytes received)
  stream 6: 17.94 mbit/s (2351870 bytes received)
  stream 7: 17.91 mbit/s (2348105 bytes received)
second 13: 152.7 mbit/s (20008454 bytes received)
  stream 0: 19.15 mbit/s (2509998 bytes received)
  stream 1: 19.11 mbit/s (2504980 bytes received)
  stream 2: 19.03 mbit/s (2494940 bytes received)
  stream 3: 19.07 mbit/s (2499960 bytes received)
  stream 4: 19.06 mbit/s (2498705 bytes received)
  stream 5: 19.07 mbit/s (2499960 bytes received)
  stream 6: 19.08 mbit/s (2501215 bytes received)
  stream 7: 19.06 mbit/s (2498696 bytes received)
second 14: 164.1 mbit/s (21503152 bytes received)
  stream 0: 20.48 mbit/s (2684445 bytes received)
  stream 1: 20.52 mbit/s (2689465 bytes received)
  stream 2: 20.52 mbit/s (2689456 bytes received)
  stream 3: 20.54 mbit/s (2691975 bytes received)
  stream 4: 20.55 mbit/s (2693223 bytes received)
  stream 5: 20.52 mbit/s (2689464 bytes received)
  stream 6: 20.51 mbit/s (2688209 bytes received)
  stream 7: 20.42 mbit/s (2676915 bytes received)
connection closed
