starting client with host weshootfilm.com, port 5201, runtime 15s, cc reno, iw 10, streams 4, recv-window 16777216 bytes
connection establishment time: 21ms
time to first byte: 34ms
second 0: 216 mbit/s (28310388 bytes received)
  stream 0: 54 mbit/s (7078210 bytes received)
  stream 1: 53.97 mbit/s (7074464 bytes received)
  stream 2: 54 mbit/s (7078230 bytes received)
  stream 3: 54.01 mbit/s (7079484 bytes received)
second 1: 170.3 mbit/s (22326441 bytes received)
  stream 0: 42.58 mbit/s (5580985 bytes received)
  stream 1: 42.58 mbit/s (5580985 bytes received)
  stream 2: 42.61 mbit/s (5584742 bytes received)
  stream 3: 42.57 mbit/s (5579729 bytes received)
second 2: 148.2 mbit/s (19426143 bytes received)
  stream 0: 37.06 mbit/s (4858104 bytes received)
  stream 1: 37.07 mbit/s (4859359 bytes received)
  stream 2: 37.08 mbit/s (4860615 bytes received)
  stream 3: 36.99 mbit/s (4848065 bytes received)
second 3: 153.2 mbit/s (20077482 bytes received)
  stream 0: 38.23 mbit/s (5011215 bytes received)
  stream 1: 38.3 mbit/s (5019992 bytes received)
  stream 2: 38.34 mbit/s (5025020 bytes received)
  stream 3: 38.31 mbit/s (5021255 bytes received)
second 4: 156.5 mbit/s (20511702 bytes received)
  stream 0: 39.14 mbit/s (5130440 bytes received)
  stream 1: 39.13 mbit/s (5129184 bytes received)
  stream 2: 39.08 mbit/s (5122910 bytes received)
  stream 3: 39.13 mbit/s (5129168 bytes received)
second 5: 167.7 mbit/s (21983834 bytes received)
  stream 0: 41.94 mbit/s (5496900 bytes received)
  stream 1: 41.94 mbit/s (5496899 bytes received)
  stream 2: 41.9 mbit/s (5491880 bytes received)
  stream 3: 41.95 mbit/s (5498155 bytes received)
second 6: 142.7 mbit/s (18704518 bytes received)
  stream 0: 35.64 mbit/s (4671110 bytes received)
  stream 1: 35.7 mbit/s (4678640 bytes received)
  stream 2: 35.67 mbit/s (4674873 bytes received)
  stream 3: 35.7 mbit/s (4679895 bytes received)
second 7: 157 mbit/s (20575709 bytes received)
  stream 0: 39.24 mbit/s (5142975 bytes received)
  stream 1: 39.31 mbit/s (5153030 bytes received)
  stream 2: 39.18 mbit/s (5135459 bytes received)
  stream 3: 39.25 mbit/s (5144245 bytes received)
second 8: 134 mbit/s (17561213 bytes received)
  stream 0: 33.51 mbit/s (4392499 bytes received)
  stream 1: 33.57 mbit/s (4400030 bytes received)
  stream 2: 33.53 mbit/s (4395009 bytes received)
  stream 3: 33.37 mbit/s (4373675 bytes received)
second 9: 137.3 mbit/s (17995436 bytes received)
  stream 0: 34.33 mbit/s (4499175 bytes received)
  stream 1: 34.38 mbit/s (4506696 bytes received)
  stream 2: 34.3 mbit/s (4495410 bytes received)
  stream 3: 34.29 mbit/s (4494155 bytes received)
second 10: 145.7 mbit/s (19099836 bytes received)
  stream 0: 36.37 mbit/s (4766490 bytes received)
  stream 1: 36.49 mbit/s (4782803 bytes received)
  stream 2: 36.48 mbit/s (4781543 bytes received)
  stream 3: 36.38 mbit/s (4769000 bytes received)
second 11: 126.5 mbit/s (16577286 bytes received)
  stream 0: 31.6 mbit/s (4141500 bytes received)
  stream 1: 31.62 mbit/s (4144003 bytes received)
  stream 2: 31.65 mbit/s (4147774 bytes received)
  stream 3: 31.62 mbit/s (4144009 bytes received)
second 12: 141.4 mbit/s (18535093 bytes received)
  stream 0: 35.41 mbit/s (4640990 bytes received)
  stream 1: 35.35 mbit/s (4633460 bytes received)
  stream 2: 35.33 mbit/s (4630949 bytes received)
  stream 3: 35.32 mbit/s (4629694 bytes received)
second 13: 166 mbit/s (21764192 bytes received)
  stream 0: 41.58 mbit/s (5450457 bytes received)
  stream 1: 41.43 mbit/s (5430384 bytes received)
  stream 2: 41.47 mbit/s (5435405 bytes received)
  stream 3: 41.56 mbit/s (5447946 bytes received)
second 14: 143.7 mbit/s (18833776 bytes received)
  stream 0: 35.9 mbit/s (4704995 bytes received)
  stream 1: 35.84 mbit/s (4697464 bytes received)
  stream 2: 35.97 mbit/s (4715028 bytes received)
  stream 3: 35.98 mbit/s (4716289 bytes received)
connection closed
