starting client with host weshootfilm.com, port 5201, runtime 15s, cc reno, iw 10, streams 2, recv-window 16777216 bytes
connection establishment time: 419ms
time to first byte: 443ms
second 0: 88.63 mbit/s (11616330 bytes received)
  stream 0: 44.3 mbit/s (5806907 bytes received)
  stream 1: 44.32 mbit/s (5809423 bytes received)
second 1: 164.1 mbit/s (21504421 bytes received)
  stream 0: 82.06 mbit/s (10755348 bytes received)
  stream 1: 82.01 mbit/s (10749073 bytes received)
second 2: 106.7 mbit/s (13989473 bytes received)
  stream 0: 53.3 mbit/s (6986584 bytes received)
  stream 1: 53.43 mbit/s (7002889 bytes received)
second 3: 139.7 mbit/s (18307929 bytes received)
  stream 0: 69.86 mbit/s (9156470 bytes received)
  stream 1: 69.82 mbit/s (9151459 bytes received)
second 4: 143.1 mbit/s (18758477 bytes received)
  stream 0: 71.57 mbit/s (9381117 bytes received)
  stream 1: 71.54 mbit/s (9377360 bytes received)
second 5: 161 mbit/s (21105315 bytes received)
  stream 0: 80.54 mbit/s (10557053 bytes received)
  stream 1: 80.48 mbit/s (10548262 bytes received)
second 6: 168.1 mbit/s (22036534 bytes received)
  stream 0: 84.14 mbit/s (11028931 bytes received)
  stream 1: 83.98 mbit/s (11007603 bytes received)
second 7: 166.9 mbit/s (21882169 bytes received)
  stream 0: 83.4 mbit/s (10931040 bytes received)
  stream 1: 83.55 mbit/s (10951129 bytes received)
second 8: 148.4 mbit/s (19456254 bytes received)
  stream 0: 74.21 mbit/s (9726249 bytes received)
  stream 1: 74.23 mbit/s (9730005 bytes received)
second 9: 144.8 mbit/s (18973088 bytes received)
  stream 0: 72.33 mbit/s (9480269 bytes received)
  stream 1: 72.42 mbit/s (9492819 bytes received)
second 10: 132.1 mbit/s (17310213 bytes received)
  stream 0: 66.03 mbit/s (8654479 bytes received)
  stream 1: 66.04 mbit/s (8655734 bytes received)
second 11: 148.8 mbit/s (19508966 bytes received)
  stream 0: 74.45 mbit/s (9758879 bytes received)
  stream 1: 74.39 mbit/s (9750087 bytes received)
second 12: 133.4 mbit/s (17488414 bytes received)
  stream 0: 66.73 mbit/s (8746094 bytes received)
  stream 1: 66.7 mbit/s (8742320 bytes received)
second 13: 103.9 mbit/s (13612983 bytes received)
  stream 0: 51.88 mbit/s (6799589 bytes received)
  stream 1: 51.98 mbit/s (6813394 bytes received)
second 14: 91.27 mbit/s (11962658 bytes received)
  stream 0: 45.58 mbit/s (5973799 bytes received)
  stream 1: 45.69 mbit/s (5988859 bytes received)
connection closed
