starting client with host weshootfilm.com, port 5201, runtime 15s, cc reno, iw 10, streams 8, recv-window 16777216 bytes
connection establishment time: 22ms
time to first byte: 34ms
second 0: 238.2 mbit/s (31223876 bytes received)
  stream 0: 29.87 mbit/s (3914986 bytes received)
  stream 1: 29.66 mbit/s (3888007 bytes received)
  stream 2: 29.7 mbit/s (3893007 bytes received)
  stream 3: 29.71 mbit/s (3894282 bytes received)
  stream 4: 29.72 mbit/s (3895550 bytes received)
  stream 5: 29.75 mbit/s (3899308 bytes received)
  stream 6: 29.98 mbit/s (3929387 bytes received)
  stream 7: 29.83 mbit/s (3909349 bytes received)
second 1: 214.5 mbit/s (28117018 bytes received)
  stream 0: 26.83 mbit/s (3516510 bytes received)
  stream 1: 26.79 mbit/s (3511489 bytes received)
  stream 2: 26.78 mbit/s (3510235 bytes received)
  stream 3: 26.8 mbit/s (3512745 bytes received)
  stream 4: 26.84 mbit/s (3517765 bytes received)
  stream 5: 26.79 mbit/s (3511490 bytes received)
  stream 6: 26.86 mbit/s (3520275 bytes received)
  stream 7: 26.83 mbit/s (3516509 bytes received)
second 2: 191.8 mbit/s (25135131 bytes received)
  stream 0: 23.96 mbit/s (3140010 bytes received)
  stream 1: 23.93 mbit/s (3136245 bytes received)
  stream 2: 23.92 mbit/s (3134989 bytes received)
  stream 3: 24 mbit/s (3146284 bytes received)
  stream 4: 23.98 mbit/s (3142520 bytes received)
  stream 5: 23.96 mbit/s (3140003 bytes received)
  stream 6: 24.03 mbit/s (3150050 bytes received)
  stream 7: 23.99 mbit/s (3145030 bytes received)
second 3: 124 mbit/s (16247228 bytes received)
  stream 0: 15.46 mbit/s (2026825 bytes received)
  stream 1: 15.41 mbit/s (2019295 bytes received)
  stream 2: 15.46 mbit/s (2026825 bytes received)
  stream 3: 15.57 mbit/s (2040630 bytes received)
  stream 4: 15.51 mbit/s (2033099 bytes received)
  stream 5: 15.5 mbit/s (2031845 bytes received)
  stream 6: 15.55 mbit/s (2038120 bytes received)
  stream 7: 15.49 mbit/s (2030589 bytes received)
second 4: 119.7 mbit/s (15688753 bytes received)
  stream 0: 14.81 mbit/s (1941485 bytes received)
  stream 1: 14.97 mbit/s (1961565 bytes received)
  stream 2: 15.07 mbit/s (1975370 bytes received)
  stream 3: 15.09 mbit/s (1977879 bytes received)
  stream 4: 15.03 mbit/s (1970349 bytes received)
  stream 5: 14.92 mbit/s (1955290 bytes received)
  stream 6: 14.86 mbit/s (1947760 bytes received)
  stream 7: 14.95 mbit/s (1959055 bytes received)
second 5: 133.5 mbit/s (17502228 bytes received)
  stream 0: 16.7 mbit/s (2188720 bytes received)
  stream 1: 16.66 mbit/s (2183699 bytes received)
  stream 2: 16.66 mbit/s (2183700 bytes received)
  stream 3: 16.69 mbit/s (2187465 bytes received)
  stream 4: 16.65 mbit/s (2182445 bytes received)
  stream 5: 16.72 mbit/s (2191230 bytes received)
  stream 6: 16.72 mbit/s (2191230 bytes received)
  stream 7: 16.74 mbit/s (2193739 bytes received)
second 6: 151.6 mbit/s (19867903 bytes received)
  stream 0: 18.96 mbit/s (2484900 bytes received)
  stream 1: 18.95 mbit/s (2483644 bytes received)
  stream 2: 18.97 mbit/s (2486154 bytes received)
  stream 3: 18.96 mbit/s (2484900 bytes received)
  stream 4: 18.99 mbit/s (2488665 bytes received)
  stream 5: 18.9 mbit/s (2477370 bytes received)
  stream 6: 18.92 mbit/s (2479880 bytes received)
  stream 7: 18.94 mbit/s (2482390 bytes received)
second 7: 156.2 mbit/s (20470303 bytes received)
  stream 0: 19.55 mbit/s (2562710 bytes received)
  stream 1: 19.58 mbit/s (2566475 bytes received)
  stream 2: 19.52 mbit/s (2558944 bytes received)
  stream 3: 19.57 mbit/s (2565220 bytes received)
  stream 4: 19.51 mbit/s (2557690 bytes received)
  stream 5: 19.48 mbit/s (2553924 bytes received)
  stream 6: 19.45 mbit/s (2548905 bytes received)
  stream 7: 19.5 mbit/s (2556435 bytes received)
second 8: 166.4 mbit/s (21810643 bytes received)
  stream 0: 20.83 mbit/s (2730880 bytes received)
  stream 1: 20.8 mbit/s (2725860 bytes received)
  stream 2: 20.82 mbit/s (2728370 bytes received)
  stream 3: 20.76 mbit/s (2720839 bytes received)
  stream 4: 20.8 mbit/s (2725860 bytes received)
  stream 5: 20.81 mbit/s (2727115 bytes received)
  stream 6: 20.81 mbit/s (2727114 bytes received)
  stream 7: 20.79 mbit/s (2724605 bytes received)
second 9: 141.3 mbit/s (18525053 bytes received)
  stream 0: 17.65 mbit/s (2312964 bytes received)
  stream 1: 17.61 mbit/s (2307945 bytes received)
  stream 2: 17.59 mbit/s (2305435 bytes received)
  stream 3: 17.68 mbit/s (2316730 bytes received)
  stream 4: 17.75 mbit/s (2326770 bytes received)
  stream 5: 17.65 mbit/s (2312965 bytes received)
  stream 6: 17.74 mbit/s (2325514 bytes received)
  stream 7: 17.68 mbit/s (2316730 bytes received)
second 10: 156.6 mbit/s (20529288 bytes received)
  stream 0: 19.57 mbit/s (2565219 bytes received)
  stream 1: 19.61 mbit/s (2570240 bytes received)
  stream 2: 19.57 mbit/s (2565219 bytes received)
  stream 3: 19.56 mbit/s (2563965 bytes received)
  stream 4: 19.52 mbit/s (2558945 bytes received)
  stream 5: 19.52 mbit/s (2558945 bytes received)
  stream 6: 19.64 mbit/s (2574005 bytes received)
  stream 7: 19.63 mbit/s (2572750 bytes received)
second 11: 168.4 mbit/s (22076695 bytes received)
  stream 0: 21.05 mbit/s (2758490 bytes received)
  stream 1: 21.05 mbit/s (2758490 bytes received)
  stream 2: 21.07 mbit/s (2762254 bytes received)
  stream 3: 21.03 mbit/s (2755980 bytes received)
  stream 4: 21.07 mbit/s (2762246 bytes received)
  stream 5: 21.06 mbit/s (2761000 bytes received)
  stream 6: 21.07 mbit/s (2762255 bytes received)
  stream 7: 21.03 mbit/s (2755980 bytes received)
second 12: 142.5 mbit/s (18674391 bytes received)
  stream 0: 17.78 mbit/s (2330535 bytes received)
  stream 1: 17.86 mbit/s (2340567 bytes received)
  stream 2: 17.91 mbit/s (2346850 bytes received)
  stream 3: 17.75 mbit/s (2326769 bytes received)
  stream 4: 17.8 mbit/s (2333045 bytes received)
  stream 5: 17.77 mbit/s (2329280 bytes received)
  stream 6: 17.82 mbit/s (2335555 bytes received)
  stream 7: 17.79 mbit/s (2331790 bytes received)
second 13: 166.2 mbit/s (21788053 bytes received)
  stream 0: 20.7 mbit/s (2713310 bytes received)
  stream 1: 20.75 mbit/s (2719584 bytes received)
  stream 2: 20.78 mbit/s (2723350 bytes received)
  stream 3: 20.85 mbit/s (2733390 bytes received)
  stream 4: 20.86 mbit/s (2734644 bytes received)
  stream 5: 20.82 mbit/s (2728370 bytes received)
  stream 6: 20.77 mbit/s (2722095 bytes received)
  stream 7: 20.7 mbit/s (2713310 bytes received)
second 14: 134.7 mbit/s (17660358 bytes received)
  stream 0: 16.91 mbit/s (2216330 bytes received)
  stream 1: 16.88 mbit/s (2212565 bytes received)
  stream 2: 16.82 mbit/s (2205034 bytes received)
  stream 3: 16.82 mbit/s (2205034 bytes received)
  stream 4: 16.84 mbit/s (2207545 bytes received)
  stream 5: 16.84 mbit/s (2207545 bytes received)
  stream 6: 16.82 mbit/s (2205035 bytes received)
  stream 7: 16.79 mbit/s (2201270 bytes received)
connection closed
