starting client with host weshootfilm.com, port 5201, runtime 15s, cc reno, iw 10, streams 4, recv-window 16777216 bytes
connection establishment time: 72ms
time to first byte: 88ms
second 0: 224.5 mbit/s (29424093 bytes received)
  stream 0: 56.03 mbit/s (7344284 bytes received)
  stream 1: 56.18 mbit/s (7363320 bytes received)
  stream 2: 56 mbit/s (7340525 bytes received)
  stream 3: 56.27 mbit/s (7375964 bytes received)
second 1: 213.8 mbit/s (28020358 bytes received)
  stream 0: 53.42 mbit/s (7001636 bytes received)
  stream 1: 53.39 mbit/s (6997871 bytes received)
  stream 2: 53.51 mbit/s (7014188 bytes received)
  stream 3: 53.46 mbit/s (7006663 bytes received)
second 2: 167.1 mbit/s (21903513 bytes received)
  stream 0: 41.78 mbit/s (5476819 bytes received)
  stream 1: 41.8 mbit/s (5479330 bytes received)
  stream 2: 41.79 mbit/s (5478074 bytes received)
  stream 3: 41.73 mbit/s (5469290 bytes received)
second 3: 138.5 mbit/s (18148553 bytes received)
  stream 0: 34.59 mbit/s (4534315 bytes received)
  stream 1: 34.65 mbit/s (4541845 bytes received)
  stream 2: 34.63 mbit/s (4539334 bytes received)
  stream 3: 34.58 mbit/s (4533059 bytes received)
second 4: 134.5 mbit/s (17623963 bytes received)
  stream 0: 33.65 mbit/s (4410070 bytes received)
  stream 1: 33.69 mbit/s (4416344 bytes received)
  stream 2: 33.56 mbit/s (4398775 bytes received)
  stream 3: 33.56 mbit/s (4398774 bytes received)
second 5: 148 mbit/s (19401030 bytes received)
  stream 0: 37.04 mbit/s (4854332 bytes received)
  stream 1: 37.06 mbit/s (4858098 bytes received)
  stream 2: 36.99 mbit/s (4848065 bytes received)
  stream 3: 36.93 mbit/s (4840535 bytes received)
second 6: 157.1 mbit/s (20592024 bytes received)
  stream 0: 39.3 mbit/s (5150513 bytes received)
  stream 1: 39.31 mbit/s (5153030 bytes received)
  stream 2: 39.25 mbit/s (5144243 bytes received)
  stream 3: 39.25 mbit/s (5144238 bytes received)
second 7: 162.8 mbit/s (21343767 bytes received)
  stream 0: 40.75 mbit/s (5341271 bytes received)
  stream 1: 40.7 mbit/s (5335004 bytes received)
  stream 2: 40.7 mbit/s (5334997 bytes received)
  stream 3: 40.68 mbit/s (5332495 bytes received)
second 8: 148.5 mbit/s (19460028 bytes received)
  stream 0: 37.09 mbit/s (4861869 bytes received)
  stream 1: 37.16 mbit/s (4870655 bytes received)
  stream 2: 37.15 mbit/s (4869400 bytes received)
  stream 3: 37.06 mbit/s (4858104 bytes received)
second 9: 152.2 mbit/s (19943196 bytes received)
  stream 0: 38.08 mbit/s (4991135 bytes received)
  stream 1: 38.09 mbit/s (4992390 bytes received)
  stream 2: 37.97 mbit/s (4977323 bytes received)
  stream 3: 38.01 mbit/s (4982348 bytes received)
second 10: 129.1 mbit/s (16922418 bytes received)
  stream 0: 32.22 mbit/s (4223075 bytes received)
  stream 1: 32.26 mbit/s (4228093 bytes received)
  stream 2: 32.34 mbit/s (4239390 bytes received)
  stream 3: 32.29 mbit/s (4231860 bytes received)
second 11: 147.9 mbit/s (19387239 bytes received)
  stream 0: 36.98 mbit/s (4846809 bytes received)
  stream 1: 36.99 mbit/s (4848065 bytes received)
  stream 2: 37 mbit/s (4849320 bytes received)
  stream 3: 36.95 mbit/s (4843045 bytes received)
second 12: 167.1 mbit/s (21902258 bytes received)
  stream 0: 41.73 mbit/s (5469290 bytes received)
  stream 1: 41.82 mbit/s (5481839 bytes received)
  stream 2: 41.8 mbit/s (5479329 bytes received)
  stream 3: 41.75 mbit/s (5471800 bytes received)
second 13: 133.7 mbit/s (17521034 bytes received)
  stream 0: 33.41 mbit/s (4378682 bytes received)
  stream 1: 33.37 mbit/s (4373668 bytes received)
  stream 2: 33.43 mbit/s (4381204 bytes received)
  stream 3: 33.47 mbit/s (4387480 bytes received)
second 14: 116 mbit/s (15199294 bytes received)
  stream 0: 28.98 mbit/s (3798885 bytes received)
  stream 1: 29.05 mbit/s (3807661 bytes received)
  stream 2: 28.93 mbit/s (3791354 bytes received)
  stream 3: 29 mbit/s (3801394 bytes received)
connection closed
